Archive member included because of file (symbol)

./libusartstm32/libusartstm32.a(USART1_rxinttxint.o)
                              tension.o (USART1_rxinttxint_init)
./libusartstm32/libusartstm32.a(USART1_txint_putc.o)
                              newlib_support.o (USART1_txint_putc)
./libusartstm32/libusartstm32.a(USART1_txint_puts.o)
                              tension.o (USART1_txint_puts)
./libusartstm32/libusartstm32.a(USART1_txint_send.o)
                              tension.o (USART1_txint_send)
./libusartstm32/libusartstm32.a(USART1_txint_busy.o)
                              ./libusartstm32/libusartstm32.a(USART1_txint_putc.o) (USART1_txint_busy)
./libusartstm32/libusartstm32.a(usartx_putsS.o)
                              ./libusartstm32/libusartstm32.a(USART1_txint_puts.o) (usartx_putsS)
./libusartstm32/libusartstm32.a(usartx_tx_advlnptr.o)
                              ./libusartstm32/libusartstm32.a(USART1_rxinttxint.o) (usartx_txisr_advlnptr)
./libusartstm32/libusartstm32.a(usartx_rxint_init.o)
                              ./libusartstm32/libusartstm32.a(USART1_rxinttxint.o) (usartx_rxint_allocatebuffers)
./libusartstm32/libusartstm32.a(usartx_txdma_init.o)
                              ./libusartstm32/libusartstm32.a(USART1_rxinttxint.o) (usartx_txdma_allocatebuffers)
./libusartstm32/libusartstm32.a(usartx_txint_send.o)
                              ./libusartstm32/libusartstm32.a(USART1_txint_send.o) (usartx_txint_send)
./libusartstm32/libusartstm32.a(usartx_txint_init.o)
                              ./libusartstm32/libusartstm32.a(USART1_rxinttxint.o) (usartx_txint_usart_init)
./libusartstm32/libusartstm32.a(usartx_setbaud.o)
                              ./libusartstm32/libusartstm32.a(usartx_rxint_init.o) (usartx_setbaud)
/opt/launchpad/gcc-arm-none-eabi-4_9-2015q2/arm-none-eabi/lib/armv7-m/libc.a(lib_a-calloc.o)
                              ./libusartstm32/libusartstm32.a(usartx_txdma_init.o) (calloc)
/opt/launchpad/gcc-arm-none-eabi-4_9-2015q2/arm-none-eabi/lib/armv7-m/libc.a(lib_a-callocr.o)
                              /opt/launchpad/gcc-arm-none-eabi-4_9-2015q2/arm-none-eabi/lib/armv7-m/libc.a(lib_a-calloc.o) (_calloc_r)
/opt/launchpad/gcc-arm-none-eabi-4_9-2015q2/arm-none-eabi/lib/armv7-m/libc.a(lib_a-impure.o)
                              /opt/launchpad/gcc-arm-none-eabi-4_9-2015q2/arm-none-eabi/lib/armv7-m/libc.a(lib_a-calloc.o) (_impure_ptr)
/opt/launchpad/gcc-arm-none-eabi-4_9-2015q2/arm-none-eabi/lib/armv7-m/libc.a(lib_a-malloc.o)
                              ./libusartstm32/libusartstm32.a(usartx_rxint_init.o) (malloc)
/opt/launchpad/gcc-arm-none-eabi-4_9-2015q2/arm-none-eabi/lib/armv7-m/libc.a(lib_a-mallocr.o)
                              /opt/launchpad/gcc-arm-none-eabi-4_9-2015q2/arm-none-eabi/lib/armv7-m/libc.a(lib_a-callocr.o) (_malloc_r)
/opt/launchpad/gcc-arm-none-eabi-4_9-2015q2/arm-none-eabi/lib/armv7-m/libc.a(lib_a-memset.o)
                              /opt/launchpad/gcc-arm-none-eabi-4_9-2015q2/arm-none-eabi/lib/armv7-m/libc.a(lib_a-callocr.o) (memset)
/opt/launchpad/gcc-arm-none-eabi-4_9-2015q2/arm-none-eabi/lib/armv7-m/libc.a(lib_a-mlock.o)
                              /opt/launchpad/gcc-arm-none-eabi-4_9-2015q2/arm-none-eabi/lib/armv7-m/libc.a(lib_a-mallocr.o) (__malloc_lock)
/opt/launchpad/gcc-arm-none-eabi-4_9-2015q2/arm-none-eabi/lib/armv7-m/libc.a(lib_a-printf.o)
                              tension.o (printf)
/opt/launchpad/gcc-arm-none-eabi-4_9-2015q2/arm-none-eabi/lib/armv7-m/libc.a(lib_a-reent.o)
                              newlib_support.o (errno)
/opt/launchpad/gcc-arm-none-eabi-4_9-2015q2/arm-none-eabi/lib/armv7-m/libc.a(lib_a-sbrkr.o)
                              /opt/launchpad/gcc-arm-none-eabi-4_9-2015q2/arm-none-eabi/lib/armv7-m/libc.a(lib_a-mallocr.o) (_sbrk_r)
/opt/launchpad/gcc-arm-none-eabi-4_9-2015q2/arm-none-eabi/lib/armv7-m/libc.a(lib_a-sprintf.o)
                              tension.o (sprintf)
/opt/launchpad/gcc-arm-none-eabi-4_9-2015q2/arm-none-eabi/lib/armv7-m/libc.a(lib_a-svfprintf.o)
                              /opt/launchpad/gcc-arm-none-eabi-4_9-2015q2/arm-none-eabi/lib/armv7-m/libc.a(lib_a-sprintf.o) (_svfprintf_r)
/opt/launchpad/gcc-arm-none-eabi-4_9-2015q2/arm-none-eabi/lib/armv7-m/libc.a(lib_a-vfprintf.o)
                              /opt/launchpad/gcc-arm-none-eabi-4_9-2015q2/arm-none-eabi/lib/armv7-m/libc.a(lib_a-printf.o) (_vfprintf_r)
/opt/launchpad/gcc-arm-none-eabi-4_9-2015q2/arm-none-eabi/lib/armv7-m/libc.a(lib_a-wsetup.o)
                              /opt/launchpad/gcc-arm-none-eabi-4_9-2015q2/arm-none-eabi/lib/armv7-m/libc.a(lib_a-vfprintf.o) (__swsetup_r)
/opt/launchpad/gcc-arm-none-eabi-4_9-2015q2/arm-none-eabi/lib/armv7-m/libc.a(lib_a-dtoa.o)
                              /opt/launchpad/gcc-arm-none-eabi-4_9-2015q2/arm-none-eabi/lib/armv7-m/libc.a(lib_a-svfprintf.o) (_dtoa_r)
/opt/launchpad/gcc-arm-none-eabi-4_9-2015q2/arm-none-eabi/lib/armv7-m/libc.a(lib_a-fflush.o)
[...]
Memory Configuration

Name             Origin             Length             Attributes
RAM              0x20000000         0x00005000         xrw
FLASH            0x08000000         0x00040000         xr
*default*        0x00000000         0xffffffff

Linker script and memory map

                0x00000800                _MYHEAP_SIZE = 0x800
                0x20004800                __MSP = 0x20004800

.flash          0x08000000     0x9920
 *(.vectors)
 .vectors       0x08000000      0x130 vector.o
                0x08000000                vector_table
 *(.text .text.* .gnu.linkonce.t.*)
 .text          0x08000130       0x2c vector.o
                0x08000130                hard_fault_handler
                0x08000132                mem_manage_handler
                0x08000134                bus_fault_handler
                0x08000136                usage_fault_handler
                0x08000138                DMA1CH4_IRQHandler
                0x08000138                rtc_isr
                0x08000138                p1_TIM1_TRG_COM_IRQHandler
                0x08000138                TIM6_IRQHandler
                0x08000138                I2C1_ER_IRQHandler_ten
                0x08000138                DMA1CH1_IRQHandler_tension
                0x08000138                usb_wakeup_isr
                0x08000138                dma1_channel6_isr
                0x08000138                exti2_isr
                0x08000138                null_handler
                0x08000138                dDMA1CH2_IRQHandler
                0x08000138                I2C2_EV_IRQHandler
                0x08000138                dma1_channel5_isr
                0x08000138                ADC1_2_IRQHandler
                0x08000138                p1_TIM1_UP_IRQHandler
                0x08000138                tim8_trg_com_isr
                0x08000138                SYSTICK_IRQHandler
                0x08000138                SPI1_TEN_IRQHandler
                0x08000138                sdio_isr
                0x08000138                tim8_brk_isr
                0x08000138                dma2_channel4_5_isr
                0x08000138                usart5_isr
                0x08000138                USART3_IRQHandler
                0x08000138                pvd_isr
                0x08000138                ADC3_IRQHandler
                0x08000138                TIM4_IRQHandler
                0x08000138                sv_call_handler
                0x08000138                rcc_isr
                0x08000138                flash_isr
                0x08000138                I2C1_EV_IRQHandler
                0x08000138                rtc_alarm_isr
                0x08000138                exti15_10_isr
                0x08000138                p1_TIM1_BRK_IRQHandler
                0x08000138                exti1_isr
                0x08000138                CAN_SCE_Handler
                0x08000138                dma2_channel1_isr
                0x08000138                pend_sv_handler
                0x08000138                spi2_isr
                0x08000138                tim8_up_isr
                0x08000138                TIM7_IRQHandler
                0x08000138                dma2_channel2_isr
                0x08000138                TIM5_IRQHandler
                0x08000138                exti3_isr
                0x08000138                debug_monitor_handler
                0x08000138                tim3_isr
                0x08000138                exti4_isr
                0x08000138                DMA2CH3_IRQHandler
                0x08000138                exti9_5_isr
                0x08000138                TIM2_IRQHandler
                0x08000138                FSMC_IRQHandler_ten
                0x08000138                nmi_handler
                0x08000138                USART2_IRQHandler
                0x08000138                tim8_cc_isr
                0x08000138                I2C2_ER_IRQHandler
                0x08000138                tamper_isr
                0x08000138                p1_TIM1_CC_IRQHandler
                0x08000138                wwdg_isr
                0x08000138                dma1_channel3_isr
                0x08000138                usart4_isr
                0x08000138                spi3_isr
                0x08000138                DMA1CH7_IRQHandler
                0x08000138                exti0_isr
                0x0800013a                relocate_vector
 .text          0x0800015c       0xac tension.o
                0x0800015c                fpformat
                0x080001dc                fmtprint
 .text.startup  0x08000208      0x13c tension.o
                0x08000208                main
 .text          0x08000344      0x14c newlib_support.o
                0x08000344                _close
                0x0800034a                _execve
                0x0800035c                _fork
                0x0800036c                _fstat
                0x08000376                _getpid
                0x0800037a                _isatty
                0x08000390                _kill
                0x080003a0                _link
                0x080003b0                _lseek
                0x080003b4                _sbrk
                0x080003d0                _read
                0x080003e4                _stat
                0x080003ee                _times
                0x080003f4                _unlink
                0x08000404                _wait
                0x08000414                _write
                0x0800047c                _exit
 .text          0x08000490      0x1ec PODpinconfig.o
                0x08000490                PODgpiopins_Config
                0x0800058c                PODgpiopins_default
                0x080005fc                PA0_reconfig
                0x0800061c                configure_pin_pod
                0x0800063e                configure_pin_in_pd
 .text          0x0800067c      0x184 clockspecifysetup.o
                0x0800067c                convert
                0x08000688                clockspecifysetup
 .text          0x08000800        0x0 busfreq.o
 .text          0x08000800       0x20 DTW_counter.o
                0x08000800                DTW_counter_init
 .text          0x08000820       0x40 startup_deh.o
                0x08000820                Reset_Handler
 .text          0x08000860       0xf4 ./libusartstm32/libusartstm32.a(USART1_rxinttxint.o)
                0x08000860                USART1_rxinttxint_init
                0x080008ec                USART1_IRQHandler
 .text          0x08000954       0x38 ./libusartstm32/libusartstm32.a(USART1_txint_putc.o)
                0x08000954                USART1_txint_putc
 .text          0x0800098c       0x2c ./libusartstm32/libusartstm32.a(USART1_txint_puts.o)
                0x0800098c                USART1_txint_puts
 .text          0x080009b8       0x1c ./libusartstm32/libusartstm32.a(USART1_txint_send.o)
                0x080009b8                USART1_txint_send
 .text          0x080009d4       0x14 ./libusartstm32/libusartstm32.a(USART1_txint_busy.o)
                0x080009d4                USART1_txint_busy
 .text          0x080009e8       0x20 ./libusartstm32/libusartstm32.a(usartx_putsS.o)
                0x080009e8                usartx_putsS
 .text          0x08000a08       0x44 ./libusartstm32/libusartstm32.a(usartx_tx_advlnptr.o)
                0x08000a08                usartx_txmain_advlnptr
                0x08000a2a                usartx_txisr_advlnptr
 .text          0x08000a4c       0xf6 ./libusartstm32/libusartstm32.a(usartx_rxint_init.o)
                0x08000a4c                usartx_rxint_allocatebuffers
                0x08000aa6                usartx_rxint_usart_init
                0x08000abc                usartx_rxint_rxmainadvptr
                0x08000ae0                usartx_rxint_rxisrptradv2
                0x08000b02                usartx_rxint_rxisrptradv
 .text          0x08000b42       0x92 ./libusartstm32/libusartstm32.a(usartx_txdma_init.o)
                0x08000b42                usartx_txdma_allocatebuffers
                0x08000bb6                usartx_txdma_usart_init
 .text          0x08000bd4       0x1c ./libusartstm32/libusartstm32.a(usartx_txint_send.o)
                0x08000bd4                usartx_txint_send
 .text          0x08000bf0       0x6e ./libusartstm32/libusartstm32.a(usartx_txint_init.o)
                0x08000bf0                usartx_txint_allocatebuffers
                0x08000c48                usartx_txint_usart_init
 *fill*         0x08000c5e        0x2 
 .text          0x08000c60       0x48 ./libusartstm32/libusartstm32.a(usartx_setbaud.o)
                0x08000c60                usartx_setbaud
 .text          0x08000ca8        0x0 /opt/launchpad/gcc-arm-none-eabi-4_9-2015q2/arm-none-eabi/lib/armv7-m/libc.a(lib_a-calloc.o)
 .text.calloc   0x08000ca8       0x10 /opt/launchpad/gcc-arm-none-eabi-4_9-2015q2/arm-none-eabi/lib/armv7-m/libc.a(lib_a-calloc.o)
                0x08000ca8                calloc
 .text          0x08000cb8        0x0 /opt/launchpad/gcc-arm-none-eabi-4_9-2015q2/arm-none-eabi/lib/armv7-m/libc.a(lib_a-callocr.o)
 .text._calloc_r
                0x08000cb8       0x60 /opt/launchpad/gcc-arm-none-eabi-4_9-2015q2/arm-none-eabi/lib/armv7-m/libc.a(lib_a-callocr.o)
                0x08000cb8                _calloc_r
 .text          0x08000d18        0x0 /opt/launchpad/gcc-arm-none-eabi-4_9-2015q2/arm-none-eabi/lib/armv7-m/libc.a(lib_a-impure.o)
 .text          0x08000d18        0x0 /opt/launchpad/gcc-arm-none-eabi-4_9-2015q2/arm-none-eabi/lib/armv7-m/libc.a(lib_a-malloc.o)
 .text.malloc   0x08000d18       0x10 /opt/launchpad/gcc-arm-none-eabi-4_9-2015q2/arm-none-eabi/lib/armv7-m/libc.a(lib_a-malloc.o)
                0x08000d18                malloc
 .text.free     0x08000d28       0x10 /opt/launchpad/gcc-arm-none-eabi-4_9-2015q2/arm-none-eabi/lib/armv7-m/libc.a(lib_a-malloc.o)
                0x08000d28                free
 .text          0x08000d38        0x0 /opt/launchpad/gcc-arm-none-eabi-4_9-2015q2/arm-none-eabi/lib/armv7-m/libc.a(lib_a-mallocr.o)
 .text._malloc_r
                0x08000d38      0x50c /opt/launchpad/gcc-arm-none-eabi-4_9-2015q2/arm-none-eabi/lib/armv7-m/libc.a(lib_a-mallocr.o)
                0x08000d38                _malloc_r
 .text          0x08001244        0x0 /opt/launchpad/gcc-arm-none-eabi-4_9-2015q2/arm-none-eabi/lib/armv7-m/libc.a(lib_a-memset.o)
 .text.memset   0x08001244       0x9c /opt/launchpad/gcc-arm-none-eabi-4_9-2015q2/arm-none-eabi/lib/armv7-m/libc.a(lib_a-memset.o)
                0x08001244                memset
 .text          0x080012e0        0x0 /opt/launchpad/gcc-arm-none-eabi-4_9-2015q2/arm-none-eabi/lib/armv7-m/libc.a(lib_a-mlock.o)
 .text.__malloc_lock
                0x080012e0        0x4 /opt/launchpad/gcc-arm-none-eabi-4_9-2015q2/arm-none-eabi/lib/armv7-m/libc.a(lib_a-mlock.o)
                0x080012e0                __malloc_lock
 .text.__malloc_unlock
                0x080012e4        0x4 /opt/launchpad/gcc-arm-none-eabi-4_9-2015q2/arm-none-eabi/lib/armv7-m/libc.a(lib_a-mlock.o)
                0x080012e4                __malloc_unlock
 .text          0x080012e8        0x0 /opt/launchpad/gcc-arm-none-eabi-4_9-2015q2/arm-none-eabi/lib/armv7-m/libc.a(lib_a-printf.o)
 .text._printf_r
                0x080012e8       0x20 /opt/launchpad/gcc-arm-none-eabi-4_9-2015q2/arm-none-eabi/lib/armv7-m/libc.a(lib_a-printf.o)
                0x080012e8                _printf_r
 .text.printf   0x08001308       0x28 /opt/launchpad/gcc-arm-none-eabi-4_9-2015q2/arm-none-eabi/lib/armv7-m/libc.a(lib_a-printf.o)
                0x08001308                printf
 .text          0x08001330        0x0 /opt/launchpad/gcc-arm-none-eabi-4_9-2015q2/arm-none-eabi/lib/armv7-m/libc.a(lib_a-reent.o)
 .text.cleanup_glue
                0x08001330       0x1c /opt/launchpad/gcc-arm-none-eabi-4_9-2015q2/arm-none-eabi/lib/armv7-m/libc.a(lib_a-reent.o)
                0x08001330                cleanup_glue
 .text._reclaim_reent
                0x0800134c       0x88 /opt/launchpad/gcc-arm-none-eabi-4_9-2015q2/arm-none-eabi/lib/armv7-m/libc.a(lib_a-reent.o)
                0x0800134c                _reclaim_reent
 .text          0x080013d4        0x0 /opt/launchpad/gcc-arm-none-eabi-4_9-2015q2/arm-none-eabi/lib/armv7-m/libc.a(lib_a-sbrkr.o)
 .text._sbrk_r  0x080013d4       0x24 /opt/launchpad/gcc-arm-none-eabi-4_9-2015q2/arm-none-eabi/lib/armv7-m/libc.a(lib_a-sbrkr.o)
                0x080013d4                _sbrk_r
 .text          0x080013f8        0x0 /opt/launchpad/gcc-arm-none-eabi-4_9-2015q2/arm-none-eabi/lib/armv7-m/libc.a(lib_a-sprintf.o)
 .text._sprintf_r
                0x080013f8       0x44 /opt/launchpad/gcc-arm-none-eabi-4_9-2015q2/arm-none-eabi/lib/armv7-m/libc.a(lib_a-sprintf.o)
                0x080013f8                _sprintf_r
 .text.sprintf  0x0800143c       0x4c /opt/launchpad/gcc-arm-none-eabi-4_9-2015q2/arm-none-eabi/lib/armv7-m/libc.a(lib_a-sprintf.o)
                0x0800143c                sprintf
 .text          0x08001488        0x0 /opt/launchpad/gcc-arm-none-eabi-4_9-2015q2/arm-none-eabi/lib/armv7-m/libc.a(lib_a-svfprintf.o)
 .text._svfprintf_r
                0x08001488     0x14f4 /opt/launchpad/gcc-arm-none-eabi-4_9-2015q2/arm-none-eabi/lib/armv7-m/libc.a(lib_a-svfprintf.o)
                0x08001488                _svfprintf_r
 .text          0x0800297c        0x0 /opt/launchpad/gcc-arm-none-eabi-4_9-2015q2/arm-none-eabi/lib/armv7-m/libc.a(lib_a-vfprintf.o)
 .text._vfprintf_r
                0x0800297c     0x1448 /opt/launchpad/gcc-arm-none-eabi-4_9-2015q2/arm-none-eabi/lib/armv7-m/libc.a(lib_a-vfprintf.o)
                0x0800297c                _vfprintf_r
 .text.vfprintf
                0x08003dc4       0x18 /opt/launchpad/gcc-arm-none-eabi-4_9-2015q2/arm-none-eabi/lib/armv7-m/libc.a(lib_a-vfprintf.o)
                0x08003dc4                vfprintf
 .text.__sbprintf
                0x08003ddc       0x7c /opt/launchpad/gcc-arm-none-eabi-4_9-2015q2/arm-none-eabi/lib/armv7-m/libc.a(lib_a-vfprintf.o)
 .text          0x08003e58        0x0 /opt/launchpad/gcc-arm-none-eabi-4_9-2015q2/arm-none-eabi/lib/armv7-m/libc.a(lib_a-wsetup.o)
 .text.__swsetup_r
                0x08003e58       0xc4 /opt/launchpad/gcc-arm-none-eabi-4_9-2015q2/arm-none-eabi/lib/armv7-m/libc.a(lib_a-wsetup.o)
                0x08003e58                __swsetup_r
 .text          0x08003f1c        0x0 /opt/launchpad/gcc-arm-none-eabi-4_9-2015q2/arm-none-eabi/lib/armv7-m/libc.a(lib_a-dtoa.o)
 .text.quorem   0x08003f1c      0x130 /opt/launchpad/gcc-arm-none-eabi-4_9-2015q2/arm-none-eabi/lib/armv7-m/libc.a(lib_a-dtoa.o)
 *fill*         0x0800404c        0x4 
 .text._dtoa_r  0x08004050      0xea4 /opt/launchpad/gcc-arm-none-eabi-4_9-2015q2/arm-none-eabi/lib/armv7-m/libc.a(lib_a-dtoa.o)
                0x08004050                _dtoa_r
 .text          0x08004ef4        0x0 /opt/launchpad/gcc-arm-none-eabi-4_9-2015q2/arm-none-eabi/lib/armv7-m/libc.a(lib_a-fflush.o)
 .text.__sflush_r
                0x08004ef4      0x148 /opt/launchpad/gcc-arm-none-eabi-4_9-2015q2/arm-none-eabi/lib/armv7-m/libc.a(lib_a-fflush.o)
                0x08004ef4                __sflush_r
 .text._fflush_r
                0x0800503c       0x2c /opt/launchpad/gcc-arm-none-eabi-4_9-2015q2/arm-none-eabi/lib/armv7-m/libc.a(lib_a-fflush.o)
                0x0800503c                _fflush_r
 .text.fflush   0x08005068       0x24 /opt/launchpad/gcc-arm-none-eabi-4_9-2015q2/arm-none-eabi/lib/armv7-m/libc.a(lib_a-fflush.o)
                0x08005068                fflush
 .text          0x0800508c        0x0 /opt/launchpad/gcc-arm-none-eabi-4_9-2015q2/arm-none-eabi/lib/armv7-m/libc.a(lib_a-findfp.o)
 .text.__fp_lock
                0x0800508c        0x4 /opt/launchpad/gcc-arm-none-eabi-4_9-2015q2/arm-none-eabi/lib/armv7-m/libc.a(lib_a-findfp.o)
 .text.__fp_unlock
                0x08005090        0x4 /opt/launchpad/gcc-arm-none-eabi-4_9-2015q2/arm-none-eabi/lib/armv7-m/libc.a(lib_a-findfp.o)
 .text._cleanup_r
                0x08005094        0xc /opt/launchpad/gcc-arm-none-eabi-4_9-2015q2/arm-none-eabi/lib/armv7-m/libc.a(lib_a-findfp.o)
                0x08005094                _cleanup_r
 .text.__sinit.part.1
                0x080050a0       0xf0 /opt/launchpad/gcc-arm-none-eabi-4_9-2015q2/arm-none-eabi/lib/armv7-m/libc.a(lib_a-findfp.o)
 .text.__sfmoreglue
                0x08005190       0x30 /opt/launchpad/gcc-arm-none-eabi-4_9-2015q2/arm-none-eabi/lib/armv7-m/libc.a(lib_a-findfp.o)
                0x08005190                __sfmoreglue
 .text.__sfp    0x080051c0       0x88 /opt/launchpad/gcc-arm-none-eabi-4_9-2015q2/arm-none-eabi/lib/armv7-m/libc.a(lib_a-findfp.o)
                0x080051c0                __sfp
 .text._cleanup
                0x08005248       0x14 /opt/launchpad/gcc-arm-none-eabi-4_9-2015q2/arm-none-eabi/lib/armv7-m/libc.a(lib_a-findfp.o)
                0x08005248                _cleanup
 .text.__sinit  0x0800525c        0xc /opt/launchpad/gcc-arm-none-eabi-4_9-2015q2/arm-none-eabi/lib/armv7-m/libc.a(lib_a-findfp.o)
                0x0800525c                __sinit
 .text.__sfp_lock_acquire
                0x08005268        0x4 /opt/launchpad/gcc-arm-none-eabi-4_9-2015q2/arm-none-eabi/lib/armv7-m/libc.a(lib_a-findfp.o)
                0x08005268                __sfp_lock_acquire
 .text.__sfp_lock_release
                0x0800526c        0x4 /opt/launchpad/gcc-arm-none-eabi-4_9-2015q2/arm-none-eabi/lib/armv7-m/libc.a(lib_a-findfp.o)
                0x0800526c                __sfp_lock_release
 .text.__sinit_lock_acquire
                0x08005270        0x4 /opt/launchpad/gcc-arm-none-eabi-4_9-2015q2/arm-none-eabi/lib/armv7-m/libc.a(lib_a-findfp.o)
                0x08005270                __sinit_lock_acquire
 .text.__sinit_lock_release
                0x08005274        0x4 /opt/launchpad/gcc-arm-none-eabi-4_9-2015q2/arm-none-eabi/lib/armv7-m/libc.a(lib_a-findfp.o)
                0x08005274                __sinit_lock_release
 .text.__fp_lock_all
                0x08005278       0x14 /opt/launchpad/gcc-arm-none-eabi-4_9-2015q2/arm-none-eabi/lib/armv7-m/libc.a(lib_a-findfp.o)
                0x08005278                __fp_lock_all
 .text.__fp_unlock_all
                0x0800528c       0x14 /opt/launchpad/gcc-arm-none-eabi-4_9-2015q2/arm-none-eabi/lib/armv7-m/libc.a(lib_a-findfp.o)
                0x0800528c                __fp_unlock_all
 .text          0x080052a0        0x0 /opt/launchpad/gcc-arm-none-eabi-4_9-2015q2/arm-none-eabi/lib/armv7-m/libc.a(lib_a-freer.o)
 .text._malloc_trim_r
                0x080052a0       0x9c /opt/launchpad/gcc-arm-none-eabi-4_9-2015q2/arm-none-eabi/lib/armv7-m/libc.a(lib_a-freer.o)
                0x080052a0                _malloc_trim_r
 .text._free_r  0x0800533c      0x1b0 /opt/launchpad/gcc-arm-none-eabi-4_9-2015q2/arm-none-eabi/lib/armv7-m/libc.a(lib_a-freer.o)
                0x0800533c                _free_r
 .text          0x080054ec        0x0 /opt/launchpad/gcc-arm-none-eabi-4_9-2015q2/arm-none-eabi/lib/armv7-m/libc.a(lib_a-fwalk.o)
 .text._fwalk   0x080054ec       0x48 /opt/launchpad/gcc-arm-none-eabi-4_9-2015q2/arm-none-eabi/lib/armv7-m/libc.a(lib_a-fwalk.o)
                0x080054ec                _fwalk
 .text._fwalk_reent
                0x08005534       0x50 /opt/launchpad/gcc-arm-none-eabi-4_9-2015q2/arm-none-eabi/lib/armv7-m/libc.a(lib_a-fwalk.o)
                0x08005534                _fwalk_reent
 .text          0x08005584        0x0 /opt/launchpad/gcc-arm-none-eabi-4_9-2015q2/arm-none-eabi/lib/armv7-m/libc.a(lib_a-locale.o)
 .text._setlocale_r
                0x08005584       0x44 /opt/launchpad/gcc-arm-none-eabi-4_9-2015q2/arm-none-eabi/lib/armv7-m/libc.a(lib_a-locale.o)
                0x08005584                _setlocale_r
 .text.__locale_charset
                0x080055c8        0x8 /opt/launchpad/gcc-arm-none-eabi-4_9-2015q2/arm-none-eabi/lib/armv7-m/libc.a(lib_a-locale.o)
                0x080055c8                __locale_charset
 .text.__locale_mb_cur_max
                0x080055d0        0xc /opt/launchpad/gcc-arm-none-eabi-4_9-2015q2/arm-none-eabi/lib/armv7-m/libc.a(lib_a-locale.o)
                0x080055d0                __locale_mb_cur_max
 .text.__locale_msgcharset
                0x080055dc        0x8 /opt/launchpad/gcc-arm-none-eabi-4_9-2015q2/arm-none-eabi/lib/armv7-m/libc.a(lib_a-locale.o)
                0x080055dc                __locale_msgcharset
 .text.__locale_cjk_lang
                0x080055e4        0x4 /opt/launchpad/gcc-arm-none-eabi-4_9-2015q2/arm-none-eabi/lib/armv7-m/libc.a(lib_a-locale.o)
                0x080055e4                __locale_cjk_lang
 .text._localeconv_r
                0x080055e8        0x8 /opt/launchpad/gcc-arm-none-eabi-4_9-2015q2/arm-none-eabi/lib/armv7-m/libc.a(lib_a-locale.o)
                0x080055e8                _localeconv_r
 .text.setlocale
                0x080055f0       0x10 /opt/launchpad/gcc-arm-none-eabi-4_9-2015q2/arm-none-eabi/lib/armv7-m/libc.a(lib_a-locale.o)
                0x080055f0                setlocale
 .text.localeconv
                0x08005600        0x8 /opt/launchpad/gcc-arm-none-eabi-4_9-2015q2/arm-none-eabi/lib/armv7-m/libc.a(lib_a-locale.o)
                0x08005600                localeconv
 .text          0x08005608        0x0 /opt/launchpad/gcc-arm-none-eabi-4_9-2015q2/arm-none-eabi/lib/armv7-m/libc.a(lib_a-makebuf.o)
 .text.__smakebuf_r
                0x08005608       0xe0 /opt/launchpad/gcc-arm-none-eabi-4_9-2015q2/arm-none-eabi/lib/armv7-m/libc.a(lib_a-makebuf.o)
                0x08005608                __smakebuf_r
 .text          0x080056e8        0x0 /opt/launchpad/gcc-arm-none-eabi-4_9-2015q2/arm-none-eabi/lib/armv7-m/libc.a(lib_a-memchr.o)
 .text.memchr   0x080056e8       0x94 /opt/launchpad/gcc-arm-none-eabi-4_9-2015q2/arm-none-eabi/lib/armv7-m/libc.a(lib_a-memchr.o)
                0x080056e8                memchr
 .text          0x0800577c       0xec /opt/launchpad/gcc-arm-none-eabi-4_9-2015q2/arm-none-eabi/lib/armv7-m/libc.a(lib_a-memcpy.o)
                0x0800577c                memcpy
 .text          0x08005868        0x0 /opt/launchpad/gcc-arm-none-eabi-4_9-2015q2/arm-none-eabi/lib/armv7-m/libc.a(lib_a-mprec.o)
 .text._Balloc  0x08005868       0x50 /opt/launchpad/gcc-arm-none-eabi-4_9-2015q2/arm-none-eabi/lib/armv7-m/libc.a(lib_a-mprec.o)
                0x08005868                _Balloc
 .text._Bfree   0x080058b8       0x14 /opt/launchpad/gcc-arm-none-eabi-4_9-2015q2/arm-none-eabi/lib/armv7-m/libc.a(lib_a-mprec.o)
                0x080058b8                _Bfree
 .text.__multadd
                0x080058cc       0x84 /opt/launchpad/gcc-arm-none-eabi-4_9-2015q2/arm-none-eabi/lib/armv7-m/libc.a(lib_a-mprec.o)
                0x080058cc                __multadd
 .text.__s2b    0x08005950       0x98 /opt/launchpad/gcc-arm-none-eabi-4_9-2015q2/arm-none-eabi/lib/armv7-m/libc.a(lib_a-mprec.o)
                0x08005950                __s2b
 .text.__hi0bits
                0x080059e8       0x40 /opt/launchpad/gcc-arm-none-eabi-4_9-2015q2/arm-none-eabi/lib/armv7-m/libc.a(lib_a-mprec.o)
                0x080059e8                __hi0bits
 .text.__lo0bits
                0x08005a28       0x5c /opt/launchpad/gcc-arm-none-eabi-4_9-2015q2/arm-none-eabi/lib/armv7-m/libc.a(lib_a-mprec.o)
                0x08005a28                __lo0bits
 .text.__i2b    0x08005a84       0x14 /opt/launchpad/gcc-arm-none-eabi-4_9-2015q2/arm-none-eabi/lib/armv7-m/libc.a(lib_a-mprec.o)
                0x08005a84                __i2b
 .text.__multiply
                0x08005a98      0x140 /opt/launchpad/gcc-arm-none-eabi-4_9-2015q2/arm-none-eabi/lib/armv7-m/libc.a(lib_a-mprec.o)
                0x08005a98                __multiply
 .text.__pow5mult
                0x08005bd8       0xa0 /opt/launchpad/gcc-arm-none-eabi-4_9-2015q2/arm-none-eabi/lib/armv7-m/libc.a(lib_a-mprec.o)
                0x08005bd8                __pow5mult
 .text.__lshift
                0x08005c78       0xb0 /opt/launchpad/gcc-arm-none-eabi-4_9-2015q2/arm-none-eabi/lib/armv7-m/libc.a(lib_a-mprec.o)
                0x08005c78                __lshift
 .text.__mcmp   0x08005d28       0x48 /opt/launchpad/gcc-arm-none-eabi-4_9-2015q2/arm-none-eabi/lib/armv7-m/libc.a(lib_a-mprec.o)
                0x08005d28                __mcmp
 .text.__mdiff  0x08005d70       0xe4 /opt/launchpad/gcc-arm-none-eabi-4_9-2015q2/arm-none-eabi/lib/armv7-m/libc.a(lib_a-mprec.o)
                0x08005d70                __mdiff
 .text.__ulp    0x08005e54       0x44 /opt/launchpad/gcc-arm-none-eabi-4_9-2015q2/arm-none-eabi/lib/armv7-m/libc.a(lib_a-mprec.o)
                0x08005e54                __ulp
 .text.__b2d    0x08005e98       0xd0 /opt/launchpad/gcc-arm-none-eabi-4_9-2015q2/arm-none-eabi/lib/armv7-m/libc.a(lib_a-mprec.o)
                0x08005e98                __b2d
 .text.__d2b    0x08005f68       0xa8 /opt/launchpad/gcc-arm-none-eabi-4_9-2015q2/arm-none-eabi/lib/armv7-m/libc.a(lib_a-mprec.o)
                0x08005f68                __d2b
 .text.__ratio  0x08006010       0x58 /opt/launchpad/gcc-arm-none-eabi-4_9-2015q2/arm-none-eabi/lib/armv7-m/libc.a(lib_a-mprec.o)
                0x08006010                __ratio
 .text._mprec_log10
                0x08006068       0x34 /opt/launchpad/gcc-arm-none-eabi-4_9-2015q2/arm-none-eabi/lib/armv7-m/libc.a(lib_a-mprec.o)
                0x08006068                _mprec_log10
 .text.__copybits
                0x0800609c       0x48 /opt/launchpad/gcc-arm-none-eabi-4_9-2015q2/arm-none-eabi/lib/armv7-m/libc.a(lib_a-mprec.o)
                0x0800609c                __copybits
 .text.__any_on
                0x080060e4       0x5c /opt/launchpad/gcc-arm-none-eabi-4_9-2015q2/arm-none-eabi/lib/armv7-m/libc.a(lib_a-mprec.o)
                0x080060e4                __any_on
 .text          0x08006140        0x0 /opt/launchpad/gcc-arm-none-eabi-4_9-2015q2/arm-none-eabi/lib/armv7-m/libc.a(lib_a-s_fpclassify.o)
 .text.__fpclassifyd
                0x08006140       0x58 /opt/launchpad/gcc-arm-none-eabi-4_9-2015q2/arm-none-eabi/lib/armv7-m/libc.a(lib_a-s_fpclassify.o)
                0x08006140                __fpclassifyd
 .text          0x08006198        0x0 /opt/launchpad/gcc-arm-none-eabi-4_9-2015q2/arm-none-eabi/lib/armv7-m/libc.a(lib_a-stdio.o)
 .text.__sread  0x08006198       0x24 /opt/launchpad/gcc-arm-none-eabi-4_9-2015q2/arm-none-eabi/lib/armv7-m/libc.a(lib_a-stdio.o)
                0x08006198                __sread
 .text.__seofread
                0x080061bc        0x4 /opt/launchpad/gcc-arm-none-eabi-4_9-2015q2/arm-none-eabi/lib/armv7-m/libc.a(lib_a-stdio.o)
                0x080061bc                __seofread
 .text.__swrite
                0x080061c0       0x38 /opt/launchpad/gcc-arm-none-eabi-4_9-2015q2/arm-none-eabi/lib/armv7-m/libc.a(lib_a-stdio.o)
                0x080061c0                __swrite
 .text.__sseek  0x080061f8       0x20 /opt/launchpad/gcc-arm-none-eabi-4_9-2015q2/arm-none-eabi/lib/armv7-m/libc.a(lib_a-stdio.o)
                0x080061f8                __sseek
 .text.__sclose
                0x08006218        0x8 /opt/launchpad/gcc-arm-none-eabi-4_9-2015q2/arm-none-eabi/lib/armv7-m/libc.a(lib_a-stdio.o)
                0x08006218                __sclose
 .text          0x08006220      0x1bc /opt/launchpad/gcc-arm-none-eabi-4_9-2015q2/arm-none-eabi/lib/armv7-m/libc.a(lib_a-strcmp.o)
                0x08006220                strcmp
 .text          0x080063dc        0x0 /opt/launchpad/gcc-arm-none-eabi-4_9-2015q2/arm-none-eabi/lib/armv7-m/libc.a(lib_a-strlen.o)
 .text.strlen   0x080063dc       0x5c /opt/launchpad/gcc-arm-none-eabi-4_9-2015q2/arm-none-eabi/lib/armv7-m/libc.a(lib_a-strlen.o)
                0x080063dc                strlen
 .text          0x08006438        0x0 /opt/launchpad/gcc-arm-none-eabi-4_9-2015q2/arm-none-eabi/lib/armv7-m/libc.a(lib_a-svfiprintf.o)
 .text.__ssprint_r
                0x08006438      0x104 /opt/launchpad/gcc-arm-none-eabi-4_9-2015q2/arm-none-eabi/lib/armv7-m/libc.a(lib_a-svfiprintf.o)
                0x08006438                __ssprint_r
 .text._svfiprintf_r
                0x0800653c      0xaa8 /opt/launchpad/gcc-arm-none-eabi-4_9-2015q2/arm-none-eabi/lib/armv7-m/libc.a(lib_a-svfiprintf.o)
                0x0800653c                _svfiprintf_r
 .text          0x08006fe4        0x0 /opt/launchpad/gcc-arm-none-eabi-4_9-2015q2/arm-none-eabi/lib/armv7-m/libc.a(lib_a-vfiprintf.o)
 .text.__sprint_r.part.0
                0x08006fe4       0x78 /opt/launchpad/gcc-arm-none-eabi-4_9-2015q2/arm-none-eabi/lib/armv7-m/libc.a(lib_a-vfiprintf.o)
 .text.__sprint_r
                0x0800705c       0x18 /opt/launchpad/gcc-arm-none-eabi-4_9-2015q2/arm-none-eabi/lib/armv7-m/libc.a(lib_a-vfiprintf.o)
                0x0800705c                __sprint_r
 .text._vfiprintf_r
                0x08007074      0xc10 /opt/launchpad/gcc-arm-none-eabi-4_9-2015q2/arm-none-eabi/lib/armv7-m/libc.a(lib_a-vfiprintf.o)
                0x08007074                _vfiprintf_r
 .text.vfiprintf
                0x08007c84       0x18 /opt/launchpad/gcc-arm-none-eabi-4_9-2015q2/arm-none-eabi/lib/armv7-m/libc.a(lib_a-vfiprintf.o)
                0x08007c84                vfiprintf
 .text.__sbprintf
                0x08007c9c       0x7c /opt/launchpad/gcc-arm-none-eabi-4_9-2015q2/arm-none-eabi/lib/armv7-m/libc.a(lib_a-vfiprintf.o)
 .text          0x08007d18        0x0 /opt/launchpad/gcc-arm-none-eabi-4_9-2015q2/arm-none-eabi/lib/armv7-m/libc.a(lib_a-writer.o)
 .text._write_r
                0x08007d18       0x28 /opt/launchpad/gcc-arm-none-eabi-4_9-2015q2/arm-none-eabi/lib/armv7-m/libc.a(lib_a-writer.o)
                0x08007d18                _write_r
 .text          0x08007d40        0x0 /opt/launchpad/gcc-arm-none-eabi-4_9-2015q2/arm-none-eabi/lib/armv7-m/libc.a(lib_a-closer.o)
 .text._close_r
                0x08007d40       0x24 /opt/launchpad/gcc-arm-none-eabi-4_9-2015q2/arm-none-eabi/lib/armv7-m/libc.a(lib_a-closer.o)
                0x08007d40                _close_r
 .text          0x08007d64        0x0 /opt/launchpad/gcc-arm-none-eabi-4_9-2015q2/arm-none-eabi/lib/armv7-m/libc.a(lib_a-fclose.o)
 .text._fclose_r
                0x08007d64       0x84 /opt/launchpad/gcc-arm-none-eabi-4_9-2015q2/arm-none-eabi/lib/armv7-m/libc.a(lib_a-fclose.o)
                0x08007d64                _fclose_r
 .text.fclose   0x08007de8       0x10 /opt/launchpad/gcc-arm-none-eabi-4_9-2015q2/arm-none-eabi/lib/armv7-m/libc.a(lib_a-fclose.o)
                0x08007de8                fclose
 .text          0x08007df8        0x0 /opt/launchpad/gcc-arm-none-eabi-4_9-2015q2/arm-none-eabi/lib/armv7-m/libc.a(lib_a-fputwc.o)
 .text.__fputwc
                0x08007df8       0xb0 /opt/launchpad/gcc-arm-none-eabi-4_9-2015q2/arm-none-eabi/lib/armv7-m/libc.a(lib_a-fputwc.o)
                0x08007df8                __fputwc
 .text._fputwc_r
                0x08007ea8       0x24 /opt/launchpad/gcc-arm-none-eabi-4_9-2015q2/arm-none-eabi/lib/armv7-m/libc.a(lib_a-fputwc.o)
                0x08007ea8                _fputwc_r
 .text.fputwc   0x08007ecc       0x28 /opt/launchpad/gcc-arm-none-eabi-4_9-2015q2/arm-none-eabi/lib/armv7-m/libc.a(lib_a-fputwc.o)
                0x08007ecc                fputwc
 .text          0x08007ef4        0x0 /opt/launchpad/gcc-arm-none-eabi-4_9-2015q2/arm-none-eabi/lib/armv7-m/libc.a(lib_a-fstatr.o)
 .text._fstat_r
                0x08007ef4       0x28 /opt/launchpad/gcc-arm-none-eabi-4_9-2015q2/arm-none-eabi/lib/armv7-m/libc.a(lib_a-fstatr.o)
                0x08007ef4                _fstat_r
 .text          0x08007f1c        0x0 /opt/launchpad/gcc-arm-none-eabi-4_9-2015q2/arm-none-eabi/lib/armv7-m/libc.a(lib_a-fvwrite.o)
 .text.__sfvwrite_r
                0x08007f1c      0x320 /opt/launchpad/gcc-arm-none-eabi-4_9-2015q2/arm-none-eabi/lib/armv7-m/libc.a(lib_a-fvwrite.o)
                0x08007f1c                __sfvwrite_r
 .text          0x0800823c        0x0 /opt/launchpad/gcc-arm-none-eabi-4_9-2015q2/arm-none-eabi/lib/armv7-m/libc.a(lib_a-isattyr.o)
 .text._isatty_r
                0x0800823c       0x24 /opt/launchpad/gcc-arm-none-eabi-4_9-2015q2/arm-none-eabi/lib/armv7-m/libc.a(lib_a-isattyr.o)
                0x0800823c                _isatty_r
 .text          0x08008260        0x0 /opt/launchpad/gcc-arm-none-eabi-4_9-2015q2/arm-none-eabi/lib/armv7-m/libc.a(lib_a-lseekr.o)
 .text._lseek_r
                0x08008260       0x28 /opt/launchpad/gcc-arm-none-eabi-4_9-2015q2/arm-none-eabi/lib/armv7-m/libc.a(lib_a-lseekr.o)
                0x08008260                _lseek_r
 .text          0x08008288        0x0 /opt/launchpad/gcc-arm-none-eabi-4_9-2015q2/arm-none-eabi/lib/armv7-m/libc.a(lib_a-memmove.o)
 .text.memmove  0x08008288       0xc8 /opt/launchpad/gcc-arm-none-eabi-4_9-2015q2/arm-none-eabi/lib/armv7-m/libc.a(lib_a-memmove.o)
                0x08008288                memmove
 .text          0x08008350        0x0 /opt/launchpad/gcc-arm-none-eabi-4_9-2015q2/arm-none-eabi/lib/armv7-m/libc.a(lib_a-readr.o)
 .text._read_r  0x08008350       0x28 /opt/launchpad/gcc-arm-none-eabi-4_9-2015q2/arm-none-eabi/lib/armv7-m/libc.a(lib_a-readr.o)
                0x08008350                _read_r
 .text          0x08008378        0x0 /opt/launchpad/gcc-arm-none-eabi-4_9-2015q2/arm-none-eabi/lib/armv7-m/libc.a(lib_a-reallocr.o)
 .text._realloc_r
                0x08008378      0x3e0 /opt/launchpad/gcc-arm-none-eabi-4_9-2015q2/arm-none-eabi/lib/armv7-m/libc.a(lib_a-reallocr.o)
                0x08008378                _realloc_r
 .text          0x08008758        0x0 /opt/launchpad/gcc-arm-none-eabi-4_9-2015q2/arm-none-eabi/lib/armv7-m/libc.a(lib_a-wbuf.o)
 .text.__swbuf_r
                0x08008758       0xa8 /opt/launchpad/gcc-arm-none-eabi-4_9-2015q2/arm-none-eabi/lib/armv7-m/libc.a(lib_a-wbuf.o)
                0x08008758                __swbuf_r
 .text.__swbuf  0x08008800       0x10 /opt/launchpad/gcc-arm-none-eabi-4_9-2015q2/arm-none-eabi/lib/armv7-m/libc.a(lib_a-wbuf.o)
                0x08008800                __swbuf
 .text          0x08008810        0x0 /opt/launchpad/gcc-arm-none-eabi-4_9-2015q2/arm-none-eabi/lib/armv7-m/libc.a(lib_a-wcrtomb.o)
 .text._wcrtomb_r
                0x08008810       0x54 /opt/launchpad/gcc-arm-none-eabi-4_9-2015q2/arm-none-eabi/lib/armv7-m/libc.a(lib_a-wcrtomb.o)
                0x08008810                _wcrtomb_r
 .text.wcrtomb  0x08008864       0x58 /opt/launchpad/gcc-arm-none-eabi-4_9-2015q2/arm-none-eabi/lib/armv7-m/libc.a(lib_a-wcrtomb.o)
                0x08008864                wcrtomb
 .text          0x080088bc        0x0 /opt/launchpad/gcc-arm-none-eabi-4_9-2015q2/arm-none-eabi/lib/armv7-m/libc.a(lib_a-wctomb_r.o)
 .text.__ascii_wctomb
                0x080088bc       0x1c /opt/launchpad/gcc-arm-none-eabi-4_9-2015q2/arm-none-eabi/lib/armv7-m/libc.a(lib_a-wctomb_r.o)
                0x080088bc                __ascii_wctomb
 .text._wctomb_r
                0x080088d8       0x30 /opt/launchpad/gcc-arm-none-eabi-4_9-2015q2/arm-none-eabi/lib/armv7-m/libc.a(lib_a-wctomb_r.o)
                0x080088d8                _wctomb_r
 .text          0x08008908      0x370 /opt/launchpad/gcc-arm-none-eabi-4_9-2015q2/lib/gcc/arm-none-eabi/4.9.3/armv7-m/libgcc.a(_arm_addsubdf3.o)
                0x08008908                __aeabi_drsub
                0x08008910                __aeabi_dsub
                0x08008910                __subdf3
                0x08008914                __adddf3
                0x08008914                __aeabi_dadd
                0x08008b8c                __aeabi_ui2d
                0x08008b8c                __floatunsidf
                0x08008bac                __floatsidf
                0x08008bac                __aeabi_i2d
                0x08008bd0                __extendsfdf2
                0x08008bd0                __aeabi_f2d
                0x08008c0c                __aeabi_ul2d
                0x08008c0c                __floatundidf
                0x08008c1c                __floatdidf
                0x08008c1c                __aeabi_l2d
 .text          0x08008c78      0x424 /opt/launchpad/gcc-arm-none-eabi-4_9-2015q2/lib/gcc/arm-none-eabi/4.9.3/armv7-m/libgcc.a(_arm_muldivdf3.o)
                0x08008c78                __aeabi_dmul
                0x08008c78                __muldf3
                0x08008ecc                __aeabi_ddiv
                0x08008ecc                __divdf3
 .text          0x0800909c      0x110 /opt/launchpad/gcc-arm-none-eabi-4_9-2015q2/lib/gcc/arm-none-eabi/4.9.3/armv7-m/libgcc.a(_arm_cmpdf2.o)
                0x0800909c                __gtdf2
                0x0800909c                __gedf2
                0x080090a4                __ltdf2
                0x080090a4                __ledf2
                0x080090ac                __cmpdf2
                0x080090ac                __eqdf2
                0x080090ac                __nedf2
                0x08009128                __aeabi_cdrcmple
                0x08009138                __aeabi_cdcmple
                0x08009138                __aeabi_cdcmpeq
                0x08009148                __aeabi_dcmpeq
                0x0800915c                __aeabi_dcmplt
                0x08009170                __aeabi_dcmple
                0x08009184                __aeabi_dcmpge
                0x08009198                __aeabi_dcmpgt
 .text          0x080091ac       0x50 /opt/launchpad/gcc-arm-none-eabi-4_9-2015q2/lib/gcc/arm-none-eabi/4.9.3/armv7-m/libgcc.a(_arm_fixdfsi.o)
                0x080091ac                __fixdfsi
                0x080091ac                __aeabi_d2iz
 .text          0x080091fc       0x30 /opt/launchpad/gcc-arm-none-eabi-4_9-2015q2/lib/gcc/arm-none-eabi/4.9.3/armv7-m/libgcc.a(_aeabi_uldivmod.o)
                0x080091fc                __aeabi_uldivmod
 .text          0x0800922c       0x60 /opt/launchpad/gcc-arm-none-eabi-4_9-2015q2/lib/gcc/arm-none-eabi/4.9.3/armv7-m/libgcc.a(bpabi.o)
                0x0800922c                __gnu_ldivmod_helper
                0x0800925c                __gnu_uldivmod_helper
 .text          0x0800928c        0x4 /opt/launchpad/gcc-arm-none-eabi-4_9-2015q2/lib/gcc/arm-none-eabi/4.9.3/armv7-m/libgcc.a(_dvmd_tls.o)
                0x0800928c                __aeabi_ldiv0
                0x0800928c                __aeabi_idiv0
 .text          0x08009290      0x2ac /opt/launchpad/gcc-arm-none-eabi-4_9-2015q2/lib/gcc/arm-none-eabi/4.9.3/armv7-m/libgcc.a(_divdi3.o)
                0x08009290                __divdi3
 .text          0x0800953c      0x270 /opt/launchpad/gcc-arm-none-eabi-4_9-2015q2/lib/gcc/arm-none-eabi/4.9.3/armv7-m/libgcc.a(_udivdi3.o)
                0x0800953c                __udivdi3
 *(.plt)
 *(.gnu.warning)
 *(.glue_7t)
 .glue_7t       0x00000000        0x0 linker stubs
 *(.glue_7)
 .glue_7        0x00000000        0x0 linker stubs
 *(.vfp11_veneer)
 .vfp11_veneer  0x00000000        0x0 linker stubs
 *(.ARM.extab* .gnu.linkonce.armextab.*)
 .ARM.extab     0x080097ac        0x0 /opt/launchpad/gcc-arm-none-eabi-4_9-2015q2/lib/gcc/arm-none-eabi/4.9.3/armv7-m/libgcc.a(_divdi3.o)
 .ARM.extab     0x080097ac        0x0 /opt/launchpad/gcc-arm-none-eabi-4_9-2015q2/lib/gcc/arm-none-eabi/4.9.3/armv7-m/libgcc.a(_udivdi3.o)
 *(.gcc_except_table)
 *(.v4_bx)
 .v4_bx         0x00000000        0x0 linker stubs
 *(.rodata.str1.*)
 .rodata.str1.1
                0x080097ac       0xcc tension.o
 .rodata.str1.1
                0x08009878        0x6 newlib_support.o
 *fill*         0x0800987e        0x2 
 .rodata.str1.4
                0x08009880        0x2 /opt/launchpad/gcc-arm-none-eabi-4_9-2015q2/arm-none-eabi/lib/armv7-m/libc.a(lib_a-impure.o)
 *fill*         0x08009882        0x2 
 .rodata.str1.4
                0x08009884       0x42 /opt/launchpad/gcc-arm-none-eabi-4_9-2015q2/arm-none-eabi/lib/armv7-m/libc.a(lib_a-svfprintf.o)
 .rodata.str1.4
                0x00000000       0x42 /opt/launchpad/gcc-arm-none-eabi-4_9-2015q2/arm-none-eabi/lib/armv7-m/libc.a(lib_a-vfprintf.o)
 *fill*         0x080098c6        0x2 
 .rodata.str1.4
                0x080098c8       0x10 /opt/launchpad/gcc-arm-none-eabi-4_9-2015q2/arm-none-eabi/lib/armv7-m/libc.a(lib_a-dtoa.o)
                                 0x12 (size before relaxing)
 .rodata.str1.4
                0x080098d8        0xc /opt/launchpad/gcc-arm-none-eabi-4_9-2015q2/arm-none-eabi/lib/armv7-m/libc.a(lib_a-locale.o)
                                 0x12 (size before relaxing)
 .rodata.str1.4
                0x00000000       0x2f /opt/launchpad/gcc-arm-none-eabi-4_9-2015q2/arm-none-eabi/lib/armv7-m/libc.a(lib_a-svfiprintf.o)
 .rodata.str1.4
                0x00000000       0x2f /opt/launchpad/gcc-arm-none-eabi-4_9-2015q2/arm-none-eabi/lib/armv7-m/libc.a(lib_a-vfiprintf.o)
 *(.rodata)
 .rodata        0x080098e4        0xc tension.o
                0x080098e4                clocks
 .rodata        0x080098f0       0x30 clockspecifysetup.o
                0x080098f0                pllmulxtbl
                0x08009900                ahbtbl
                0x08009920                . = ALIGN (0x4)

.rodata._global_impure_ptr
                0x08009920        0x4
 .rodata._global_impure_ptr
                0x08009920        0x4 /opt/launchpad/gcc-arm-none-eabi-4_9-2015q2/arm-none-eabi/lib/armv7-m/libc.a(lib_a-impure.o)
                0x08009920                _global_impure_ptr

.rodata.zeroes.6911
                0x08009924       0x10
 .rodata.zeroes.6911
                0x08009924       0x10 /opt/launchpad/gcc-arm-none-eabi-4_9-2015q2/arm-none-eabi/lib/armv7-m/libc.a(lib_a-svfprintf.o)

.rodata.blanks.6910
                0x08009934       0x10
 .rodata.blanks.6910
                0x08009934       0x10 /opt/launchpad/gcc-arm-none-eabi-4_9-2015q2/arm-none-eabi/lib/armv7-m/libc.a(lib_a-svfprintf.o)

.rodata.zeroes.6926
                0x08009944       0x10
 .rodata.zeroes.6926
                0x08009944       0x10 /opt/launchpad/gcc-arm-none-eabi-4_9-2015q2/arm-none-eabi/lib/armv7-m/libc.a(lib_a-vfprintf.o)

.rodata.blanks.6925
                0x08009954       0x10
 .rodata.blanks.6925
                0x08009954       0x10 /opt/launchpad/gcc-arm-none-eabi-4_9-2015q2/arm-none-eabi/lib/armv7-m/libc.a(lib_a-vfprintf.o)

.rodata.__mprec_tens
                0x08009968       0xc8
 .rodata.__mprec_tens
                0x08009968       0xc8 /opt/launchpad/gcc-arm-none-eabi-4_9-2015q2/arm-none-eabi/lib/armv7-m/libc.a(lib_a-mprec.o)
                0x08009968                __mprec_tens

.rodata.p05.5302
                0x08009a30        0xc
 .rodata.p05.5302
                0x08009a30        0xc /opt/launchpad/gcc-arm-none-eabi-4_9-2015q2/arm-none-eabi/lib/armv7-m/libc.a(lib_a-mprec.o)

.rodata.__mprec_bigtens
                0x08009a40       0x28
 .rodata.__mprec_bigtens
                0x08009a40       0x28 /opt/launchpad/gcc-arm-none-eabi-4_9-2015q2/arm-none-eabi/lib/armv7-m/libc.a(lib_a-mprec.o)
                0x08009a40                __mprec_bigtens

.rodata.__mprec_tinytens
                0x08009a68       0x28
 .rodata.__mprec_tinytens
                0x08009a68       0x28 /opt/launchpad/gcc-arm-none-eabi-4_9-2015q2/arm-none-eabi/lib/armv7-m/libc.a(lib_a-mprec.o)
                0x08009a68                __mprec_tinytens

.eh_frame       0x08009a90       0x38
 .eh_frame      0x08009a90       0x38 /opt/launchpad/gcc-arm-none-eabi-4_9-2015q2/arm-none-eabi/lib/armv7-m/libc.a(lib_a-strcmp.o)

.rodata.blanks.6854
                0x08009ac8       0x10
 .rodata.blanks.6854
                0x08009ac8       0x10 /opt/launchpad/gcc-arm-none-eabi-4_9-2015q2/arm-none-eabi/lib/armv7-m/libc.a(lib_a-svfiprintf.o)

.rodata.zeroes.6855
                0x08009ad8       0x10
 .rodata.zeroes.6855
                0x08009ad8       0x10 /opt/launchpad/gcc-arm-none-eabi-4_9-2015q2/arm-none-eabi/lib/armv7-m/libc.a(lib_a-svfiprintf.o)

.rodata.zeroes.6869
                0x08009ae8       0x10
 .rodata.zeroes.6869
                0x08009ae8       0x10 /opt/launchpad/gcc-arm-none-eabi-4_9-2015q2/arm-none-eabi/lib/armv7-m/libc.a(lib_a-vfiprintf.o)

.rodata.blanks.6868
                0x08009af8       0x10
 .rodata.blanks.6868
                0x08009af8       0x10 /opt/launchpad/gcc-arm-none-eabi-4_9-2015q2/arm-none-eabi/lib/armv7-m/libc.a(lib_a-vfiprintf.o)

.iplt           0x08009b08        0x0
 .iplt          0x00000000        0x0 vector.o

.ARM.extab
 *(.ARM.extab* .gnu.linkonce.armextab.*)

.ARM.exidx      0x08009b08        0x8
                0x08009b08                __exidx_start = .
 *(.ARM.exidx* .gnu.linkonce.armexidx.*)
 .ARM.exidx     0x08009b08        0x8 /opt/launchpad/gcc-arm-none-eabi-4_9-2015q2/lib/gcc/arm-none-eabi/4.9.3/armv7-m/libgcc.a(_divdi3.o)
 .ARM.exidx     0x08009b10        0x0 /opt/launchpad/gcc-arm-none-eabi-4_9-2015q2/lib/gcc/arm-none-eabi/4.9.3/armv7-m/libgcc.a(_udivdi3.o)
                                  0x8 (size before relaxing)
                0x08009b10                __exidx_end = .
                0x08009b10                __data_image = .
                0x08009b10                PROVIDE (__data_image, .)

.rel.dyn        0x08009b10        0x0
 .rel.iplt      0x00000000        0x0 vector.o

.data           0x20000000      0x8c4 load address 0x08009b10
                0x20000000                __data_section_start = .
                0x20000000                _sdata = .
                0x20000000                PROVIDE (__data_section_start, .)
 *(.cs3.region-head.ram)
 *(.jcr)
 *(.got.plt)
 *(.got)
 *(.shdata)
 *(.data .data.* .gnu.linkonce.d.*)
 .data          0x20000000        0x0 vector.o
 .data          0x20000000        0x0 tension.o
 .data          0x20000000        0x4 newlib_support.o
                0x20000000                environ
 .data          0x20000004        0x0 PODpinconfig.o
 .data          0x20000004        0x0 clockspecifysetup.o
 .data          0x20000004        0x0 busfreq.o
 .data          0x20000004        0x0 DTW_counter.o
 .data          0x20000004        0x0 startup_deh.o
 .data          0x20000004        0x0 ./libusartstm32/libusartstm32.a(USART1_rxinttxint.o)
 .data          0x20000004        0x0 ./libusartstm32/libusartstm32.a(USART1_txint_putc.o)
 .data          0x20000004        0x0 ./libusartstm32/libusartstm32.a(USART1_txint_puts.o)
 .data          0x20000004        0x0 ./libusartstm32/libusartstm32.a(USART1_txint_send.o)
 .data          0x20000004        0x0 ./libusartstm32/libusartstm32.a(USART1_txint_busy.o)
 .data          0x20000004        0x0 ./libusartstm32/libusartstm32.a(usartx_putsS.o)
 .data          0x20000004        0x0 ./libusartstm32/libusartstm32.a(usartx_tx_advlnptr.o)
 .data          0x20000004        0x0 ./libusartstm32/libusartstm32.a(usartx_rxint_init.o)
 .data          0x20000004        0x0 ./libusartstm32/libusartstm32.a(usartx_txdma_init.o)
 .data          0x20000004        0x0 ./libusartstm32/libusartstm32.a(usartx_txint_send.o)
 .data          0x20000004        0x0 ./libusartstm32/libusartstm32.a(usartx_txint_init.o)
 .data          0x20000004        0x0 ./libusartstm32/libusartstm32.a(usartx_setbaud.o)
 .data          0x20000004        0x0 /opt/launchpad/gcc-arm-none-eabi-4_9-2015q2/arm-none-eabi/lib/armv7-m/libc.a(lib_a-calloc.o)
 .data          0x20000004        0x0 /opt/launchpad/gcc-arm-none-eabi-4_9-2015q2/arm-none-eabi/lib/armv7-m/libc.a(lib_a-callocr.o)
 .data          0x20000004        0x0 /opt/launchpad/gcc-arm-none-eabi-4_9-2015q2/arm-none-eabi/lib/armv7-m/libc.a(lib_a-impure.o)
 *fill*         0x20000004        0x4 
 .data.impure_data
                0x20000008      0x428 /opt/launchpad/gcc-arm-none-eabi-4_9-2015q2/arm-none-eabi/lib/armv7-m/libc.a(lib_a-impure.o)
 .data._impure_ptr
                0x20000430        0x4 /opt/launchpad/gcc-arm-none-eabi-4_9-2015q2/arm-none-eabi/lib/armv7-m/libc.a(lib_a-impure.o)
                0x20000430                _impure_ptr
 .data          0x20000434        0x0 /opt/launchpad/gcc-arm-none-eabi-4_9-2015q2/arm-none-eabi/lib/armv7-m/libc.a(lib_a-malloc.o)
 .data          0x20000434        0x0 /opt/launchpad/gcc-arm-none-eabi-4_9-2015q2/arm-none-eabi/lib/armv7-m/libc.a(lib_a-mallocr.o)
 .data.__malloc_av_
                0x20000434      0x408 /opt/launchpad/gcc-arm-none-eabi-4_9-2015q2/arm-none-eabi/lib/armv7-m/libc.a(lib_a-mallocr.o)
                0x20000434                __malloc_av_
 .data.__malloc_trim_threshold
                0x2000083c        0x4 /opt/launchpad/gcc-arm-none-eabi-4_9-2015q2/arm-none-eabi/lib/armv7-m/libc.a(lib_a-mallocr.o)
                0x2000083c                __malloc_trim_threshold
 .data.__malloc_sbrk_base
                0x20000840        0x4 /opt/launchpad/gcc-arm-none-eabi-4_9-2015q2/arm-none-eabi/lib/armv7-m/libc.a(lib_a-mallocr.o)
                0x20000840                __malloc_sbrk_base
 .data          0x20000844        0x0 /opt/launchpad/gcc-arm-none-eabi-4_9-2015q2/arm-none-eabi/lib/armv7-m/libc.a(lib_a-memset.o)
 .data          0x20000844        0x0 /opt/launchpad/gcc-arm-none-eabi-4_9-2015q2/arm-none-eabi/lib/armv7-m/libc.a(lib_a-mlock.o)
 .data          0x20000844        0x0 /opt/launchpad/gcc-arm-none-eabi-4_9-2015q2/arm-none-eabi/lib/armv7-m/libc.a(lib_a-printf.o)
 .data          0x20000844        0x0 /opt/launchpad/gcc-arm-none-eabi-4_9-2015q2/arm-none-eabi/lib/armv7-m/libc.a(lib_a-reent.o)
 .data          0x20000844        0x0 /opt/launchpad/gcc-arm-none-eabi-4_9-2015q2/arm-none-eabi/lib/armv7-m/libc.a(lib_a-sbrkr.o)
 .data          0x20000844        0x0 /opt/launchpad/gcc-arm-none-eabi-4_9-2015q2/arm-none-eabi/lib/armv7-m/libc.a(lib_a-sprintf.o)
 .data          0x20000844        0x0 /opt/launchpad/gcc-arm-none-eabi-4_9-2015q2/arm-none-eabi/lib/armv7-m/libc.a(lib_a-svfprintf.o)
 .data          0x20000844        0x0 /opt/launchpad/gcc-arm-none-eabi-4_9-2015q2/arm-none-eabi/lib/armv7-m/libc.a(lib_a-vfprintf.o)
 .data          0x20000844        0x0 /opt/launchpad/gcc-arm-none-eabi-4_9-2015q2/arm-none-eabi/lib/armv7-m/libc.a(lib_a-wsetup.o)
 .data          0x20000844        0x0 /opt/launchpad/gcc-arm-none-eabi-4_9-2015q2/arm-none-eabi/lib/armv7-m/libc.a(lib_a-dtoa.o)
 .data          0x20000844        0x0 /opt/launchpad/gcc-arm-none-eabi-4_9-2015q2/arm-none-eabi/lib/armv7-m/libc.a(lib_a-fflush.o)
 .data          0x20000844        0x0 /opt/launchpad/gcc-arm-none-eabi-4_9-2015q2/arm-none-eabi/lib/armv7-m/libc.a(lib_a-findfp.o)
 .data          0x20000844        0x0 /opt/launchpad/gcc-arm-none-eabi-4_9-2015q2/arm-none-eabi/lib/armv7-m/libc.a(lib_a-freer.o)
 .data          0x20000844        0x0 /opt/launchpad/gcc-arm-none-eabi-4_9-2015q2/arm-none-eabi/lib/armv7-m/libc.a(lib_a-fwalk.o)
 .data          0x20000844        0x0 /opt/launchpad/gcc-arm-none-eabi-4_9-2015q2/arm-none-eabi/lib/armv7-m/libc.a(lib_a-locale.o)
 .data.lc_message_charset
                0x20000844       0x20 /opt/launchpad/gcc-arm-none-eabi-4_9-2015q2/arm-none-eabi/lib/armv7-m/libc.a(lib_a-locale.o)
 .data.lconv    0x20000864       0x38 /opt/launchpad/gcc-arm-none-eabi-4_9-2015q2/arm-none-eabi/lib/armv7-m/libc.a(lib_a-locale.o)
 .data.lc_ctype_charset
                0x2000089c       0x20 /opt/launchpad/gcc-arm-none-eabi-4_9-2015q2/arm-none-eabi/lib/armv7-m/libc.a(lib_a-locale.o)
 .data.__mb_cur_max
                0x200008bc        0x4 /opt/launchpad/gcc-arm-none-eabi-4_9-2015q2/arm-none-eabi/lib/armv7-m/libc.a(lib_a-locale.o)
                0x200008bc                __mb_cur_max
 .data          0x200008c0        0x0 /opt/launchpad/gcc-arm-none-eabi-4_9-2015q2/arm-none-eabi/lib/armv7-m/libc.a(lib_a-makebuf.o)
 .data          0x200008c0        0x0 /opt/launchpad/gcc-arm-none-eabi-4_9-2015q2/arm-none-eabi/lib/armv7-m/libc.a(lib_a-memchr.o)
 .data          0x200008c0        0x0 /opt/launchpad/gcc-arm-none-eabi-4_9-2015q2/arm-none-eabi/lib/armv7-m/libc.a(lib_a-memcpy.o)
 .data          0x200008c0        0x0 /opt/launchpad/gcc-arm-none-eabi-4_9-2015q2/arm-none-eabi/lib/armv7-m/libc.a(lib_a-mprec.o)
 .data          0x200008c0        0x0 /opt/launchpad/gcc-arm-none-eabi-4_9-2015q2/arm-none-eabi/lib/armv7-m/libc.a(lib_a-s_fpclassify.o)
 .data          0x200008c0        0x0 /opt/launchpad/gcc-arm-none-eabi-4_9-2015q2/arm-none-eabi/lib/armv7-m/libc.a(lib_a-stdio.o)
 .data          0x200008c0        0x0 /opt/launchpad/gcc-arm-none-eabi-4_9-2015q2/arm-none-eabi/lib/armv7-m/libc.a(lib_a-strcmp.o)
 .data          0x200008c0        0x0 /opt/launchpad/gcc-arm-none-eabi-4_9-2015q2/arm-none-eabi/lib/armv7-m/libc.a(lib_a-strlen.o)
 .data          0x200008c0        0x0 /opt/launchpad/gcc-arm-none-eabi-4_9-2015q2/arm-none-eabi/lib/armv7-m/libc.a(lib_a-svfiprintf.o)
 .data          0x200008c0        0x0 /opt/launchpad/gcc-arm-none-eabi-4_9-2015q2/arm-none-eabi/lib/armv7-m/libc.a(lib_a-vfiprintf.o)
 .data          0x200008c0        0x0 /opt/launchpad/gcc-arm-none-eabi-4_9-2015q2/arm-none-eabi/lib/armv7-m/libc.a(lib_a-writer.o)
 .data          0x200008c0        0x0 /opt/launchpad/gcc-arm-none-eabi-4_9-2015q2/arm-none-eabi/lib/armv7-m/libc.a(lib_a-closer.o)
 .data          0x200008c0        0x0 /opt/launchpad/gcc-arm-none-eabi-4_9-2015q2/arm-none-eabi/lib/armv7-m/libc.a(lib_a-fclose.o)
 .data          0x200008c0        0x0 /opt/launchpad/gcc-arm-none-eabi-4_9-2015q2/arm-none-eabi/lib/armv7-m/libc.a(lib_a-fputwc.o)
 .data          0x200008c0        0x0 /opt/launchpad/gcc-arm-none-eabi-4_9-2015q2/arm-none-eabi/lib/armv7-m/libc.a(lib_a-fstatr.o)
 .data          0x200008c0        0x0 /opt/launchpad/gcc-arm-none-eabi-4_9-2015q2/arm-none-eabi/lib/armv7-m/libc.a(lib_a-fvwrite.o)
 .data          0x200008c0        0x0 /opt/launchpad/gcc-arm-none-eabi-4_9-2015q2/arm-none-eabi/lib/armv7-m/libc.a(lib_a-isattyr.o)
 .data          0x200008c0        0x0 /opt/launchpad/gcc-arm-none-eabi-4_9-2015q2/arm-none-eabi/lib/armv7-m/libc.a(lib_a-lseekr.o)
 .data          0x200008c0        0x0 /opt/launchpad/gcc-arm-none-eabi-4_9-2015q2/arm-none-eabi/lib/armv7-m/libc.a(lib_a-memmove.o)
 .data          0x200008c0        0x0 /opt/launchpad/gcc-arm-none-eabi-4_9-2015q2/arm-none-eabi/lib/armv7-m/libc.a(lib_a-readr.o)
 .data          0x200008c0        0x0 /opt/launchpad/gcc-arm-none-eabi-4_9-2015q2/arm-none-eabi/lib/armv7-m/libc.a(lib_a-reallocr.o)
 .data          0x200008c0        0x0 /opt/launchpad/gcc-arm-none-eabi-4_9-2015q2/arm-none-eabi/lib/armv7-m/libc.a(lib_a-wbuf.o)
 .data          0x200008c0        0x0 /opt/launchpad/gcc-arm-none-eabi-4_9-2015q2/arm-none-eabi/lib/armv7-m/libc.a(lib_a-wcrtomb.o)
 .data          0x200008c0        0x0 /opt/launchpad/gcc-arm-none-eabi-4_9-2015q2/arm-none-eabi/lib/armv7-m/libc.a(lib_a-wctomb_r.o)
 .data.__wctomb
                0x200008c0        0x4 /opt/launchpad/gcc-arm-none-eabi-4_9-2015q2/arm-none-eabi/lib/armv7-m/libc.a(lib_a-wctomb_r.o)
                0x200008c0                __wctomb
 .data          0x200008c4        0x0 /opt/launchpad/gcc-arm-none-eabi-4_9-2015q2/lib/gcc/arm-none-eabi/4.9.3/armv7-m/libgcc.a(_arm_addsubdf3.o)
 .data          0x200008c4        0x0 /opt/launchpad/gcc-arm-none-eabi-4_9-2015q2/lib/gcc/arm-none-eabi/4.9.3/armv7-m/libgcc.a(_arm_muldivdf3.o)
 .data          0x200008c4        0x0 /opt/launchpad/gcc-arm-none-eabi-4_9-2015q2/lib/gcc/arm-none-eabi/4.9.3/armv7-m/libgcc.a(_arm_cmpdf2.o)
 .data          0x200008c4        0x0 /opt/launchpad/gcc-arm-none-eabi-4_9-2015q2/lib/gcc/arm-none-eabi/4.9.3/armv7-m/libgcc.a(_arm_fixdfsi.o)
 .data          0x200008c4        0x0 /opt/launchpad/gcc-arm-none-eabi-4_9-2015q2/lib/gcc/arm-none-eabi/4.9.3/armv7-m/libgcc.a(_aeabi_uldivmod.o)
 .data          0x200008c4        0x0 /opt/launchpad/gcc-arm-none-eabi-4_9-2015q2/lib/gcc/arm-none-eabi/4.9.3/armv7-m/libgcc.a(bpabi.o)
 .data          0x200008c4        0x0 /opt/launchpad/gcc-arm-none-eabi-4_9-2015q2/lib/gcc/arm-none-eabi/4.9.3/armv7-m/libgcc.a(_dvmd_tls.o)
 .data          0x200008c4        0x0 /opt/launchpad/gcc-arm-none-eabi-4_9-2015q2/lib/gcc/arm-none-eabi/4.9.3/armv7-m/libgcc.a(_divdi3.o)
 .data          0x200008c4        0x0 /opt/launchpad/gcc-arm-none-eabi-4_9-2015q2/lib/gcc/arm-none-eabi/4.9.3/armv7-m/libgcc.a(_udivdi3.o)
                0x200008c4                _edata = .
                0x200008c4                __data_image_end = .
                0x200008c4                PROVIDE (__data_image_end, .)
                0x200008c4                _end_data = .
                0x200008c4                . = ALIGN (0x4)

.igot.plt       0x200008c4        0x0 load address 0x0800a3d4
 .igot.plt      0x00000000        0x0 vector.o

.ram            0x200008c4       0x6c load address 0x0800a3d4
                0x200008c4                PROVIDE (_start_of_bss, .)
                0x200008c4                _sbss = .
                0x200008c4                __bss_start__ = .
 *(.bss)
 .bss           0x200008c4        0x0 vector.o
 .bss           0x200008c4        0x0 tension.o
 .bss           0x200008c4        0x8 newlib_support.o
                0x200008c8                __env
 .bss           0x200008cc        0x0 PODpinconfig.o
 .bss           0x200008cc        0x8 clockspecifysetup.o
                0x200008cc                pdev2
                0x200008ce                pdev1
                0x200008d0                pmul2
                0x200008d2                pmul1
 .bss           0x200008d4       0x10 busfreq.o
                0x200008d4                sysclk_freq
                0x200008d8                pclk2_freq
                0x200008dc                pclk1_freq
                0x200008e0                hclk_freq
 .bss           0x200008e4        0x0 DTW_counter.o
 .bss           0x200008e4        0x0 startup_deh.o
 .bss           0x200008e4        0x8 ./libusartstm32/libusartstm32.a(USART1_rxinttxint.o)
                0x200008e4                pUSARTcbr1
                0x200008e8                pUSARTcbt1
 .bss           0x200008ec        0x0 ./libusartstm32/libusartstm32.a(USART1_txint_putc.o)
 .bss           0x200008ec        0x0 ./libusartstm32/libusartstm32.a(USART1_txint_puts.o)
 .bss           0x200008ec        0x0 ./libusartstm32/libusartstm32.a(USART1_txint_send.o)
 .bss           0x200008ec        0x0 ./libusartstm32/libusartstm32.a(USART1_txint_busy.o)
 .bss           0x200008ec        0x0 ./libusartstm32/libusartstm32.a(usartx_putsS.o)
 .bss           0x200008ec        0x0 ./libusartstm32/libusartstm32.a(usartx_tx_advlnptr.o)
 .bss           0x200008ec        0x0 ./libusartstm32/libusartstm32.a(usartx_rxint_init.o)
 .bss           0x200008ec        0x0 ./libusartstm32/libusartstm32.a(usartx_txdma_init.o)
 .bss           0x200008ec        0x0 ./libusartstm32/libusartstm32.a(usartx_txint_send.o)
 .bss           0x200008ec        0x0 ./libusartstm32/libusartstm32.a(usartx_txint_init.o)
 .bss           0x200008ec        0x0 ./libusartstm32/libusartstm32.a(usartx_setbaud.o)
 .bss           0x200008ec        0x0 /opt/launchpad/gcc-arm-none-eabi-4_9-2015q2/arm-none-eabi/lib/armv7-m/libc.a(lib_a-calloc.o)
 .bss           0x200008ec        0x0 /opt/launchpad/gcc-arm-none-eabi-4_9-2015q2/arm-none-eabi/lib/armv7-m/libc.a(lib_a-callocr.o)
 .bss           0x200008ec        0x0 /opt/launchpad/gcc-arm-none-eabi-4_9-2015q2/arm-none-eabi/lib/armv7-m/libc.a(lib_a-impure.o)
 .bss           0x200008ec        0x0 /opt/launchpad/gcc-arm-none-eabi-4_9-2015q2/arm-none-eabi/lib/armv7-m/libc.a(lib_a-malloc.o)
 .bss           0x200008ec        0x0 /opt/launchpad/gcc-arm-none-eabi-4_9-2015q2/arm-none-eabi/lib/armv7-m/libc.a(lib_a-mallocr.o)
 .bss           0x200008ec        0x0 /opt/launchpad/gcc-arm-none-eabi-4_9-2015q2/arm-none-eabi/lib/armv7-m/libc.a(lib_a-memset.o)
 .bss           0x200008ec        0x0 /opt/launchpad/gcc-arm-none-eabi-4_9-2015q2/arm-none-eabi/lib/armv7-m/libc.a(lib_a-mlock.o)
 .bss           0x200008ec        0x0 /opt/launchpad/gcc-arm-none-eabi-4_9-2015q2/arm-none-eabi/lib/armv7-m/libc.a(lib_a-printf.o)
 .bss           0x200008ec        0x0 /opt/launchpad/gcc-arm-none-eabi-4_9-2015q2/arm-none-eabi/lib/armv7-m/libc.a(lib_a-reent.o)
 .bss           0x200008ec        0x0 /opt/launchpad/gcc-arm-none-eabi-4_9-2015q2/arm-none-eabi/lib/armv7-m/libc.a(lib_a-sbrkr.o)
 .bss           0x200008ec        0x0 /opt/launchpad/gcc-arm-none-eabi-4_9-2015q2/arm-none-eabi/lib/armv7-m/libc.a(lib_a-sprintf.o)
 .bss           0x200008ec        0x0 /opt/launchpad/gcc-arm-none-eabi-4_9-2015q2/arm-none-eabi/lib/armv7-m/libc.a(lib_a-svfprintf.o)
 .bss           0x200008ec        0x0 /opt/launchpad/gcc-arm-none-eabi-4_9-2015q2/arm-none-eabi/lib/armv7-m/libc.a(lib_a-vfprintf.o)
 .bss           0x200008ec        0x0 /opt/launchpad/gcc-arm-none-eabi-4_9-2015q2/arm-none-eabi/lib/armv7-m/libc.a(lib_a-wsetup.o)
 .bss           0x200008ec        0x0 /opt/launchpad/gcc-arm-none-eabi-4_9-2015q2/arm-none-eabi/lib/armv7-m/libc.a(lib_a-dtoa.o)
 .bss           0x200008ec        0x0 /opt/launchpad/gcc-arm-none-eabi-4_9-2015q2/arm-none-eabi/lib/armv7-m/libc.a(lib_a-fflush.o)
 .bss           0x200008ec        0x0 /opt/launchpad/gcc-arm-none-eabi-4_9-2015q2/arm-none-eabi/lib/armv7-m/libc.a(lib_a-findfp.o)
 .bss           0x200008ec        0x0 /opt/launchpad/gcc-arm-none-eabi-4_9-2015q2/arm-none-eabi/lib/armv7-m/libc.a(lib_a-freer.o)
 .bss           0x200008ec        0x0 /opt/launchpad/gcc-arm-none-eabi-4_9-2015q2/arm-none-eabi/lib/armv7-m/libc.a(lib_a-fwalk.o)
 .bss           0x200008ec        0x0 /opt/launchpad/gcc-arm-none-eabi-4_9-2015q2/arm-none-eabi/lib/armv7-m/libc.a(lib_a-locale.o)
 .bss           0x200008ec        0x0 /opt/launchpad/gcc-arm-none-eabi-4_9-2015q2/arm-none-eabi/lib/armv7-m/libc.a(lib_a-makebuf.o)
 .bss           0x200008ec        0x0 /opt/launchpad/gcc-arm-none-eabi-4_9-2015q2/arm-none-eabi/lib/armv7-m/libc.a(lib_a-memchr.o)
 .bss           0x200008ec        0x0 /opt/launchpad/gcc-arm-none-eabi-4_9-2015q2/arm-none-eabi/lib/armv7-m/libc.a(lib_a-memcpy.o)
 .bss           0x200008ec        0x0 /opt/launchpad/gcc-arm-none-eabi-4_9-2015q2/arm-none-eabi/lib/armv7-m/libc.a(lib_a-mprec.o)
 .bss           0x200008ec        0x0 /opt/launchpad/gcc-arm-none-eabi-4_9-2015q2/arm-none-eabi/lib/armv7-m/libc.a(lib_a-s_fpclassify.o)
 .bss           0x200008ec        0x0 /opt/launchpad/gcc-arm-none-eabi-4_9-2015q2/arm-none-eabi/lib/armv7-m/libc.a(lib_a-stdio.o)
 .bss           0x200008ec        0x0 /opt/launchpad/gcc-arm-none-eabi-4_9-2015q2/arm-none-eabi/lib/armv7-m/libc.a(lib_a-strcmp.o)
 .bss           0x200008ec        0x0 /opt/launchpad/gcc-arm-none-eabi-4_9-2015q2/arm-none-eabi/lib/armv7-m/libc.a(lib_a-strlen.o)
 .bss           0x200008ec        0x0 /opt/launchpad/gcc-arm-none-eabi-4_9-2015q2/arm-none-eabi/lib/armv7-m/libc.a(lib_a-svfiprintf.o)
 .bss           0x200008ec        0x0 /opt/launchpad/gcc-arm-none-eabi-4_9-2015q2/arm-none-eabi/lib/armv7-m/libc.a(lib_a-vfiprintf.o)
 .bss           0x200008ec        0x0 /opt/launchpad/gcc-arm-none-eabi-4_9-2015q2/arm-none-eabi/lib/armv7-m/libc.a(lib_a-writer.o)
 .bss           0x200008ec        0x0 /opt/launchpad/gcc-arm-none-eabi-4_9-2015q2/arm-none-eabi/lib/armv7-m/libc.a(lib_a-closer.o)
 .bss           0x200008ec        0x0 /opt/launchpad/gcc-arm-none-eabi-4_9-2015q2/arm-none-eabi/lib/armv7-m/libc.a(lib_a-fclose.o)
 .bss           0x200008ec        0x0 /opt/launchpad/gcc-arm-none-eabi-4_9-2015q2/arm-none-eabi/lib/armv7-m/libc.a(lib_a-fputwc.o)
 .bss           0x200008ec        0x0 /opt/launchpad/gcc-arm-none-eabi-4_9-2015q2/arm-none-eabi/lib/armv7-m/libc.a(lib_a-fstatr.o)
 .bss           0x200008ec        0x0 /opt/launchpad/gcc-arm-none-eabi-4_9-2015q2/arm-none-eabi/lib/armv7-m/libc.a(lib_a-fvwrite.o)
 .bss           0x200008ec        0x0 /opt/launchpad/gcc-arm-none-eabi-4_9-2015q2/arm-none-eabi/lib/armv7-m/libc.a(lib_a-isattyr.o)
 .bss           0x200008ec        0x0 /opt/launchpad/gcc-arm-none-eabi-4_9-2015q2/arm-none-eabi/lib/armv7-m/libc.a(lib_a-lseekr.o)
 .bss           0x200008ec        0x0 /opt/launchpad/gcc-arm-none-eabi-4_9-2015q2/arm-none-eabi/lib/armv7-m/libc.a(lib_a-memmove.o)
 .bss           0x200008ec        0x0 /opt/launchpad/gcc-arm-none-eabi-4_9-2015q2/arm-none-eabi/lib/armv7-m/libc.a(lib_a-readr.o)
 .bss           0x200008ec        0x0 /opt/launchpad/gcc-arm-none-eabi-4_9-2015q2/arm-none-eabi/lib/armv7-m/libc.a(lib_a-reallocr.o)
 .bss           0x200008ec        0x0 /opt/launchpad/gcc-arm-none-eabi-4_9-2015q2/arm-none-eabi/lib/armv7-m/libc.a(lib_a-wbuf.o)
 .bss           0x200008ec        0x0 /opt/launchpad/gcc-arm-none-eabi-4_9-2015q2/arm-none-eabi/lib/armv7-m/libc.a(lib_a-wcrtomb.o)
 .bss           0x200008ec        0x0 /opt/launchpad/gcc-arm-none-eabi-4_9-2015q2/arm-none-eabi/lib/armv7-m/libc.a(lib_a-wctomb_r.o)
 .bss           0x200008ec        0x0 /opt/launchpad/gcc-arm-none-eabi-4_9-2015q2/lib/gcc/arm-none-eabi/4.9.3/armv7-m/libgcc.a(_arm_addsubdf3.o)
 .bss           0x200008ec        0x0 /opt/launchpad/gcc-arm-none-eabi-4_9-2015q2/lib/gcc/arm-none-eabi/4.9.3/armv7-m/libgcc.a(_arm_muldivdf3.o)
 .bss           0x200008ec        0x0 /opt/launchpad/gcc-arm-none-eabi-4_9-2015q2/lib/gcc/arm-none-eabi/4.9.3/armv7-m/libgcc.a(_arm_cmpdf2.o)
 .bss           0x200008ec        0x0 /opt/launchpad/gcc-arm-none-eabi-4_9-2015q2/lib/gcc/arm-none-eabi/4.9.3/armv7-m/libgcc.a(_arm_fixdfsi.o)
 .bss           0x200008ec        0x0 /opt/launchpad/gcc-arm-none-eabi-4_9-2015q2/lib/gcc/arm-none-eabi/4.9.3/armv7-m/libgcc.a(_aeabi_uldivmod.o)
 .bss           0x200008ec        0x0 /opt/launchpad/gcc-arm-none-eabi-4_9-2015q2/lib/gcc/arm-none-eabi/4.9.3/armv7-m/libgcc.a(bpabi.o)
 .bss           0x200008ec        0x0 /opt/launchpad/gcc-arm-none-eabi-4_9-2015q2/lib/gcc/arm-none-eabi/4.9.3/armv7-m/libgcc.a(_dvmd_tls.o)
 .bss           0x200008ec        0x0 /opt/launchpad/gcc-arm-none-eabi-4_9-2015q2/lib/gcc/arm-none-eabi/4.9.3/armv7-m/libgcc.a(_divdi3.o)
 .bss           0x200008ec        0x0 /opt/launchpad/gcc-arm-none-eabi-4_9-2015q2/lib/gcc/arm-none-eabi/4.9.3/armv7-m/libgcc.a(_udivdi3.o)
 *(.bss*)
 .bss.__malloc_max_total_mem
                0x200008ec        0x4 /opt/launchpad/gcc-arm-none-eabi-4_9-2015q2/arm-none-eabi/lib/armv7-m/libc.a(lib_a-mallocr.o)
                0x200008ec                __malloc_max_total_mem
 .bss.__malloc_max_sbrked_mem
                0x200008f0        0x4 /opt/launchpad/gcc-arm-none-eabi-4_9-2015q2/arm-none-eabi/lib/armv7-m/libc.a(lib_a-mallocr.o)
                0x200008f0                __malloc_max_sbrked_mem
 .bss.__malloc_top_pad
                0x200008f4        0x4 /opt/launchpad/gcc-arm-none-eabi-4_9-2015q2/arm-none-eabi/lib/armv7-m/libc.a(lib_a-mallocr.o)
                0x200008f4                __malloc_top_pad
 .bss.__malloc_current_mallinfo
                0x200008f8       0x28 /opt/launchpad/gcc-arm-none-eabi-4_9-2015q2/arm-none-eabi/lib/armv7-m/libc.a(lib_a-mallocr.o)
                0x200008f8                __malloc_current_mallinfo
 .bss._PathLocale
                0x20000920        0x4 /opt/launchpad/gcc-arm-none-eabi-4_9-2015q2/arm-none-eabi/lib/armv7-m/libc.a(lib_a-locale.o)
                0x20000920                _PathLocale
 .bss.__nlocale_changed
                0x20000924        0x4 /opt/launchpad/gcc-arm-none-eabi-4_9-2015q2/arm-none-eabi/lib/armv7-m/libc.a(lib_a-locale.o)
                0x20000924                __nlocale_changed
 .bss.__mlocale_changed
                0x20000928        0x4 /opt/launchpad/gcc-arm-none-eabi-4_9-2015q2/arm-none-eabi/lib/armv7-m/libc.a(lib_a-locale.o)
                0x20000928                __mlocale_changed
 *(.shbss)
 *(.bss .bss.* .gnu.linkonce.b.*)
 *(COMMON)
 COMMON         0x2000092c        0x4 /opt/launchpad/gcc-arm-none-eabi-4_9-2015q2/arm-none-eabi/lib/armv7-m/libc.a(lib_a-reent.o)
                0x2000092c                errno
                0x20000930                . = ALIGN (0x4)
 *(.ram.b .bss.ram)
                0x20000930                . = ALIGN (0x4)
                0x20000930                _ebss = .
                0x20000930                _end_of_bss = .
                0x20000930                __bss_end__ = .
                0x20000930                _end = .
                0x20000930                __end = .
                0x20000930                PROVIDE (_end_of_bss, .)
LOAD vector.o
LOAD tension.o
LOAD newlib_support.o
LOAD PODpinconfig.o
LOAD clockspecifysetup.o
LOAD busfreq.o
LOAD DTW_counter.o
LOAD startup_deh.o
LOAD ./libusartstm32/libusartstm32.a
LOAD /opt/launchpad/gcc-arm-none-eabi-4_9-2015q2/arm-none-eabi/lib/armv7-m/libc.a
LOAD /opt/launchpad/gcc-arm-none-eabi-4_9-2015q2/lib/gcc/arm-none-eabi/4.9.3/armv7-m/libgcc.a
OUTPUT(tension elf32-littlearm)

.debug_info     0x00000000     0x285e
 .debug_info    0x00000000      0x127 vector.o
 .debug_info    0x00000127      0x6b3 tension.o
 .debug_info    0x000007da      0x696 newlib_support.o
 .debug_info    0x00000e70      0x16d PODpinconfig.o
 .debug_info    0x00000fdd      0x33f clockspecifysetup.o
 .debug_info    0x0000131c       0x69 busfreq.o
 .debug_info    0x00001385       0x7d DTW_counter.o
 .debug_info    0x00001402       0xc0 startup_deh.o
 .debug_info    0x000014c2      0x2c1 ./libusartstm32/libusartstm32.a(USART1_rxinttxint.o)
 .debug_info    0x00001783      0x187 ./libusartstm32/libusartstm32.a(USART1_txint_putc.o)
 .debug_info    0x0000190a      0x183 ./libusartstm32/libusartstm32.a(USART1_txint_puts.o)
 .debug_info    0x00001a8d      0x171 ./libusartstm32/libusartstm32.a(USART1_txint_send.o)
 .debug_info    0x00001bfe      0x174 ./libusartstm32/libusartstm32.a(USART1_txint_busy.o)
 .debug_info    0x00001d72      0x18a ./libusartstm32/libusartstm32.a(usartx_tx_advlnptr.o)
 .debug_info    0x00001efc      0x27b ./libusartstm32/libusartstm32.a(usartx_rxint_init.o)
 .debug_info    0x00002177      0x20e ./libusartstm32/libusartstm32.a(usartx_txdma_init.o)
 .debug_info    0x00002385      0x17e ./libusartstm32/libusartstm32.a(usartx_txint_send.o)
 .debug_info    0x00002503      0x201 ./libusartstm32/libusartstm32.a(usartx_txint_init.o)
 .debug_info    0x00002704      0x15a ./libusartstm32/libusartstm32.a(usartx_setbaud.o)

.debug_abbrev   0x00000000      0xf6c
 .debug_abbrev  0x00000000       0x96 vector.o
 .debug_abbrev  0x00000096      0x22a tension.o
 .debug_abbrev  0x000002c0      0x1bd newlib_support.o
 .debug_abbrev  0x0000047d       0xbc PODpinconfig.o
 .debug_abbrev  0x00000539      0x152 clockspecifysetup.o
 .debug_abbrev  0x0000068b       0x2c busfreq.o
 .debug_abbrev  0x000006b7       0x42 DTW_counter.o
 .debug_abbrev  0x000006f9       0x98 startup_deh.o
 .debug_abbrev  0x00000791       0xe8 ./libusartstm32/libusartstm32.a(USART1_rxinttxint.o)
 .debug_abbrev  0x00000879       0xa4 ./libusartstm32/libusartstm32.a(USART1_txint_putc.o)
 .debug_abbrev  0x0000091d       0xa2 ./libusartstm32/libusartstm32.a(USART1_txint_puts.o)
 .debug_abbrev  0x000009bf       0x91 ./libusartstm32/libusartstm32.a(USART1_txint_send.o)
 .debug_abbrev  0x00000a50       0x93 ./libusartstm32/libusartstm32.a(USART1_txint_busy.o)
 .debug_abbrev  0x00000ae3       0xa6 ./libusartstm32/libusartstm32.a(usartx_tx_advlnptr.o)
 .debug_abbrev  0x00000b89      0x11c ./libusartstm32/libusartstm32.a(usartx_rxint_init.o)
 .debug_abbrev  0x00000ca5       0xc6 ./libusartstm32/libusartstm32.a(usartx_txdma_init.o)
 .debug_abbrev  0x00000d6b       0xa2 ./libusartstm32/libusartstm32.a(usartx_txint_send.o)
 .debug_abbrev  0x00000e0d       0xc6 ./libusartstm32/libusartstm32.a(usartx_txint_init.o)
 .debug_abbrev  0x00000ed3       0x99 ./libusartstm32/libusartstm32.a(usartx_setbaud.o)

.debug_aranges  0x00000000      0x260
 .debug_aranges
                0x00000000       0x20 vector.o
 .debug_aranges
                0x00000020       0x28 tension.o
 .debug_aranges
                0x00000048       0x20 newlib_support.o
 .debug_aranges
                0x00000068       0x20 PODpinconfig.o
 .debug_aranges
                0x00000088       0x20 clockspecifysetup.o
 .debug_aranges
                0x000000a8       0x18 busfreq.o
 .debug_aranges
                0x000000c0       0x20 DTW_counter.o
 .debug_aranges
                0x000000e0       0x20 startup_deh.o
 .debug_aranges
                0x00000100       0x20 ./libusartstm32/libusartstm32.a(USART1_rxinttxint.o)
 .debug_aranges
                0x00000120       0x20 ./libusartstm32/libusartstm32.a(USART1_txint_putc.o)
 .debug_aranges
                0x00000140       0x20 ./libusartstm32/libusartstm32.a(USART1_txint_puts.o)
 .debug_aranges
                0x00000160       0x20 ./libusartstm32/libusartstm32.a(USART1_txint_send.o)
 .debug_aranges
                0x00000180       0x20 ./libusartstm32/libusartstm32.a(USART1_txint_busy.o)
 .debug_aranges
                0x000001a0       0x20 ./libusartstm32/libusartstm32.a(usartx_tx_advlnptr.o)
 .debug_aranges
                0x000001c0       0x20 ./libusartstm32/libusartstm32.a(usartx_rxint_init.o)
 .debug_aranges
                0x000001e0       0x20 ./libusartstm32/libusartstm32.a(usartx_txdma_init.o)
 .debug_aranges
                0x00000200       0x20 ./libusartstm32/libusartstm32.a(usartx_txint_send.o)
 .debug_aranges
                0x00000220       0x20 ./libusartstm32/libusartstm32.a(usartx_txint_init.o)
 .debug_aranges
                0x00000240       0x20 ./libusartstm32/libusartstm32.a(usartx_setbaud.o)

.debug_line     0x00000000     0x1603
 .debug_line    0x00000000      0x127 vector.o
 .debug_line    0x00000127      0x1e2 tension.o
 .debug_line    0x00000309      0x13a newlib_support.o
 .debug_line    0x00000443      0x162 PODpinconfig.o
 .debug_line    0x000005a5      0x1a9 clockspecifysetup.o
 .debug_line    0x0000074e       0x2a busfreq.o
 .debug_line    0x00000778       0x3f DTW_counter.o
 .debug_line    0x000007b7       0x5b startup_deh.o
 .debug_line    0x00000812      0x155 ./libusartstm32/libusartstm32.a(USART1_rxinttxint.o)
 .debug_line    0x00000967      0x15e ./libusartstm32/libusartstm32.a(USART1_txint_putc.o)
 .debug_line    0x00000ac5      0x160 ./libusartstm32/libusartstm32.a(USART1_txint_puts.o)
 .debug_line    0x00000c25      0x155 ./libusartstm32/libusartstm32.a(USART1_txint_send.o)
 .debug_line    0x00000d7a      0x156 ./libusartstm32/libusartstm32.a(USART1_txint_busy.o)
 .debug_line    0x00000ed0      0x13f ./libusartstm32/libusartstm32.a(usartx_tx_advlnptr.o)
 .debug_line    0x0000100f      0x157 ./libusartstm32/libusartstm32.a(usartx_rxint_init.o)
 .debug_line    0x00001166      0x150 ./libusartstm32/libusartstm32.a(usartx_txdma_init.o)
 .debug_line    0x000012b6      0x138 ./libusartstm32/libusartstm32.a(usartx_txint_send.o)
 .debug_line    0x000013ee      0x130 ./libusartstm32/libusartstm32.a(usartx_txint_init.o)
 .debug_line    0x0000151e       0xe5 ./libusartstm32/libusartstm32.a(usartx_setbaud.o)

.debug_str      0x00000000      0xc11
 .debug_str     0x00000000      0x1c8 vector.o
                                0x205 (size before relaxing)
 .debug_str     0x000001c8      0x2ab tension.o
                                0x452 (size before relaxing)
 .debug_str     0x00000473      0x1ec newlib_support.o
                                0x39b (size before relaxing)
 .debug_str     0x0000065f       0x42 PODpinconfig.o
                                0x1ff (size before relaxing)
 .debug_str     0x000006a1       0x4b clockspecifysetup.o
                                0x3d4 (size before relaxing)
 .debug_str     0x000006ec        0xa busfreq.o
                                0x128 (size before relaxing)
 .debug_str     0x000006f6       0x1f DTW_counter.o
                                0x188 (size before relaxing)
 .debug_str     0x00000715       0x69 startup_deh.o
                                0x161 (size before relaxing)
 .debug_str     0x0000077e      0x1cc ./libusartstm32/libusartstm32.a(USART1_rxinttxint.o)
                                0x287 (size before relaxing)
 .debug_str     0x0000094a       0x14 ./libusartstm32/libusartstm32.a(USART1_txint_putc.o)
                                0x199 (size before relaxing)
 .debug_str     0x0000095e       0x14 ./libusartstm32/libusartstm32.a(USART1_txint_puts.o)
                                0x199 (size before relaxing)
 .debug_str     0x00000972       0x14 ./libusartstm32/libusartstm32.a(USART1_txint_send.o)
                                0x199 (size before relaxing)
 .debug_str     0x00000986       0x26 ./libusartstm32/libusartstm32.a(USART1_txint_busy.o)
                                0x199 (size before relaxing)
 .debug_str     0x000009ac       0x4d ./libusartstm32/libusartstm32.a(usartx_tx_advlnptr.o)
                                0x1b5 (size before relaxing)
 .debug_str     0x000009f9       0xce ./libusartstm32/libusartstm32.a(usartx_rxint_init.o)
                                0x23e (size before relaxing)
 .debug_str     0x00000ac7       0x6f ./libusartstm32/libusartstm32.a(usartx_txdma_init.o)
                                0x1fb (size before relaxing)
 .debug_str     0x00000b36       0x26 ./libusartstm32/libusartstm32.a(usartx_txint_send.o)
                                0x19e (size before relaxing)
 .debug_str     0x00000b5c       0x49 ./libusartstm32/libusartstm32.a(usartx_txint_init.o)
                                0x1fb (size before relaxing)
 .debug_str     0x00000ba5       0x6c ./libusartstm32/libusartstm32.a(usartx_setbaud.o)
                                0x16a (size before relaxing)

.comment        0x00000000       0x9a
 .comment       0x00000000       0x70 vector.o
                                 0x71 (size before relaxing)
 .comment       0x00000000       0x71 tension.o
 .comment       0x00000000       0x71 newlib_support.o
 .comment       0x00000000       0x71 PODpinconfig.o
 .comment       0x00000000       0x71 clockspecifysetup.o
 .comment       0x00000000       0x71 busfreq.o
 .comment       0x00000000       0x71 DTW_counter.o
 .comment       0x00000000       0x71 startup_deh.o
 .comment       0x00000070       0x2a ./libusartstm32/libusartstm32.a(USART1_rxinttxint.o)
                                 0x2b (size before relaxing)
 .comment       0x00000000       0x2b ./libusartstm32/libusartstm32.a(USART1_txint_putc.o)
 .comment       0x00000000       0x2b ./libusartstm32/libusartstm32.a(USART1_txint_puts.o)
 .comment       0x00000000       0x2b ./libusartstm32/libusartstm32.a(USART1_txint_send.o)
 .comment       0x00000000       0x2b ./libusartstm32/libusartstm32.a(USART1_txint_busy.o)
 .comment       0x00000000       0x2b ./libusartstm32/libusartstm32.a(usartx_tx_advlnptr.o)
 .comment       0x00000000       0x2b ./libusartstm32/libusartstm32.a(usartx_rxint_init.o)
 .comment       0x00000000       0x2b ./libusartstm32/libusartstm32.a(usartx_txdma_init.o)
 .comment       0x00000000       0x2b ./libusartstm32/libusartstm32.a(usartx_txint_send.o)
 .comment       0x00000000       0x2b ./libusartstm32/libusartstm32.a(usartx_txint_init.o)
 .comment       0x00000000       0x2b ./libusartstm32/libusartstm32.a(usartx_setbaud.o)

.ARM.attributes
                0x00000000       0x31
 .ARM.attributes
                0x00000000       0x33 vector.o
 .ARM.attributes
                0x00000033       0x33 tension.o
 .ARM.attributes
                0x00000066       0x33 newlib_support.o
 .ARM.attributes
                0x00000099       0x33 PODpinconfig.o
 .ARM.attributes
                0x000000cc       0x33 clockspecifysetup.o
 .ARM.attributes
                0x000000ff       0x33 busfreq.o
 .ARM.attributes
                0x00000132       0x33 DTW_counter.o
 .ARM.attributes
                0x00000165       0x33 startup_deh.o
 .ARM.attributes
                0x00000198       0x31 ./libusartstm32/libusartstm32.a(USART1_rxinttxint.o)
 .ARM.attributes
                0x000001c9       0x31 ./libusartstm32/libusartstm32.a(USART1_txint_putc.o)
 .ARM.attributes
                0x000001fa       0x31 ./libusartstm32/libusartstm32.a(USART1_txint_puts.o)
 .ARM.attributes
                0x0000022b       0x31 ./libusartstm32/libusartstm32.a(USART1_txint_send.o)
 .ARM.attributes
                0x0000025c       0x31 ./libusartstm32/libusartstm32.a(USART1_txint_busy.o)
 .ARM.attributes
                0x0000028d       0x16 ./libusartstm32/libusartstm32.a(usartx_putsS.o)
 .ARM.attributes
                0x000002a3       0x31 ./libusartstm32/libusartstm32.a(usartx_tx_advlnptr.o)
 .ARM.attributes
                0x000002d4       0x31 ./libusartstm32/libusartstm32.a(usartx_rxint_init.o)
 .ARM.attributes
                0x00000305       0x31 ./libusartstm32/libusartstm32.a(usartx_txdma_init.o)
 .ARM.attributes
                0x00000336       0x31 ./libusartstm32/libusartstm32.a(usartx_txint_send.o)
 .ARM.attributes
                0x00000367       0x31 ./libusartstm32/libusartstm32.a(usartx_txint_init.o)
 .ARM.attributes
                0x00000398       0x31 ./libusartstm32/libusartstm32.a(usartx_setbaud.o)
 .ARM.attributes
                0x000003c9       0x2d /opt/launchpad/gcc-arm-none-eabi-4_9-2015q2/arm-none-eabi/lib/armv7-m/libc.a(lib_a-calloc.o)
 .ARM.attributes
                0x000003f6       0x2d /opt/launchpad/gcc-arm-none-eabi-4_9-2015q2/arm-none-eabi/lib/armv7-m/libc.a(lib_a-callocr.o)
 .ARM.attributes
                0x00000423       0x2d /opt/launchpad/gcc-arm-none-eabi-4_9-2015q2/arm-none-eabi/lib/armv7-m/libc.a(lib_a-impure.o)
 .ARM.attributes
                0x00000450       0x2d /opt/launchpad/gcc-arm-none-eabi-4_9-2015q2/arm-none-eabi/lib/armv7-m/libc.a(lib_a-malloc.o)
 .ARM.attributes
                0x0000047d       0x2d /opt/launchpad/gcc-arm-none-eabi-4_9-2015q2/arm-none-eabi/lib/armv7-m/libc.a(lib_a-mallocr.o)
 .ARM.attributes
                0x000004aa       0x2d /opt/launchpad/gcc-arm-none-eabi-4_9-2015q2/arm-none-eabi/lib/armv7-m/libc.a(lib_a-memset.o)
 .ARM.attributes
                0x000004d7       0x2d /opt/launchpad/gcc-arm-none-eabi-4_9-2015q2/arm-none-eabi/lib/armv7-m/libc.a(lib_a-mlock.o)
 .ARM.attributes
                0x00000504       0x2d /opt/launchpad/gcc-arm-none-eabi-4_9-2015q2/arm-none-eabi/lib/armv7-m/libc.a(lib_a-printf.o)
 .ARM.attributes
                0x00000531       0x2d /opt/launchpad/gcc-arm-none-eabi-4_9-2015q2/arm-none-eabi/lib/armv7-m/libc.a(lib_a-reent.o)
 .ARM.attributes
                0x0000055e       0x2d /opt/launchpad/gcc-arm-none-eabi-4_9-2015q2/arm-none-eabi/lib/armv7-m/libc.a(lib_a-sbrkr.o)
 .ARM.attributes
                0x0000058b       0x2d /opt/launchpad/gcc-arm-none-eabi-4_9-2015q2/arm-none-eabi/lib/armv7-m/libc.a(lib_a-sprintf.o)
 .ARM.attributes
                0x000005b8       0x2d /opt/launchpad/gcc-arm-none-eabi-4_9-2015q2/arm-none-eabi/lib/armv7-m/libc.a(lib_a-svfprintf.o)
 .ARM.attributes
                0x000005e5       0x2d /opt/launchpad/gcc-arm-none-eabi-4_9-2015q2/arm-none-eabi/lib/armv7-m/libc.a(lib_a-vfprintf.o)
 .ARM.attributes
                0x00000612       0x2d /opt/launchpad/gcc-arm-none-eabi-4_9-2015q2/arm-none-eabi/lib/armv7-m/libc.a(lib_a-wsetup.o)
 .ARM.attributes
                0x0000063f       0x2d /opt/launchpad/gcc-arm-none-eabi-4_9-2015q2/arm-none-eabi/lib/armv7-m/libc.a(lib_a-dtoa.o)
 .ARM.attributes
                0x0000066c       0x2d /opt/launchpad/gcc-arm-none-eabi-4_9-2015q2/arm-none-eabi/lib/armv7-m/libc.a(lib_a-fflush.o)
 .ARM.attributes
                0x00000699       0x2d /opt/launchpad/gcc-arm-none-eabi-4_9-2015q2/arm-none-eabi/lib/armv7-m/libc.a(lib_a-findfp.o)
 .ARM.attributes
                0x000006c6       0x2d /opt/launchpad/gcc-arm-none-eabi-4_9-2015q2/arm-none-eabi/lib/armv7-m/libc.a(lib_a-freer.o)
 .ARM.attributes
                0x000006f3       0x2d /opt/launchpad/gcc-arm-none-eabi-4_9-2015q2/arm-none-eabi/lib/armv7-m/libc.a(lib_a-fwalk.o)
 .ARM.attributes
                0x00000720       0x2d /opt/launchpad/gcc-arm-none-eabi-4_9-2015q2/arm-none-eabi/lib/armv7-m/libc.a(lib_a-locale.o)
 .ARM.attributes
                0x0000074d       0x2d /opt/launchpad/gcc-arm-none-eabi-4_9-2015q2/arm-none-eabi/lib/armv7-m/libc.a(lib_a-makebuf.o)
 .ARM.attributes
                0x0000077a       0x2d /opt/launchpad/gcc-arm-none-eabi-4_9-2015q2/arm-none-eabi/lib/armv7-m/libc.a(lib_a-memchr.o)
 .ARM.attributes
                0x000007a7       0x1b /opt/launchpad/gcc-arm-none-eabi-4_9-2015q2/arm-none-eabi/lib/armv7-m/libc.a(lib_a-memcpy.o)
 .ARM.attributes
                0x000007c2       0x2d /opt/launchpad/gcc-arm-none-eabi-4_9-2015q2/arm-none-eabi/lib/armv7-m/libc.a(lib_a-mprec.o)
 .ARM.attributes
                0x000007ef       0x2d /opt/launchpad/gcc-arm-none-eabi-4_9-2015q2/arm-none-eabi/lib/armv7-m/libc.a(lib_a-s_fpclassify.o)
 .ARM.attributes
                0x0000081c       0x2d /opt/launchpad/gcc-arm-none-eabi-4_9-2015q2/arm-none-eabi/lib/armv7-m/libc.a(lib_a-stdio.o)
 .ARM.attributes
                0x00000849       0x1b /opt/launchpad/gcc-arm-none-eabi-4_9-2015q2/arm-none-eabi/lib/armv7-m/libc.a(lib_a-strcmp.o)
 .ARM.attributes
                0x00000864       0x2d /opt/launchpad/gcc-arm-none-eabi-4_9-2015q2/arm-none-eabi/lib/armv7-m/libc.a(lib_a-strlen.o)
 .ARM.attributes
                0x00000891       0x2d /opt/launchpad/gcc-arm-none-eabi-4_9-2015q2/arm-none-eabi/lib/armv7-m/libc.a(lib_a-svfiprintf.o)
 .ARM.attributes
                0x000008be       0x2d /opt/launchpad/gcc-arm-none-eabi-4_9-2015q2/arm-none-eabi/lib/armv7-m/libc.a(lib_a-vfiprintf.o)
 .ARM.attributes
                0x000008eb       0x2d /opt/launchpad/gcc-arm-none-eabi-4_9-2015q2/arm-none-eabi/lib/armv7-m/libc.a(lib_a-writer.o)
 .ARM.attributes
                0x00000918       0x2d /opt/launchpad/gcc-arm-none-eabi-4_9-2015q2/arm-none-eabi/lib/armv7-m/libc.a(lib_a-closer.o)
 .ARM.attributes
                0x00000945       0x2d /opt/launchpad/gcc-arm-none-eabi-4_9-2015q2/arm-none-eabi/lib/armv7-m/libc.a(lib_a-fclose.o)
 .ARM.attributes
                0x00000972       0x2d /opt/launchpad/gcc-arm-none-eabi-4_9-2015q2/arm-none-eabi/lib/armv7-m/libc.a(lib_a-fputwc.o)
 .ARM.attributes
                0x0000099f       0x2d /opt/launchpad/gcc-arm-none-eabi-4_9-2015q2/arm-none-eabi/lib/armv7-m/libc.a(lib_a-fstatr.o)
 .ARM.attributes
                0x000009cc       0x2d /opt/launchpad/gcc-arm-none-eabi-4_9-2015q2/arm-none-eabi/lib/armv7-m/libc.a(lib_a-fvwrite.o)
 .ARM.attributes
                0x000009f9       0x2d /opt/launchpad/gcc-arm-none-eabi-4_9-2015q2/arm-none-eabi/lib/armv7-m/libc.a(lib_a-isattyr.o)
 .ARM.attributes
                0x00000a26       0x2d /opt/launchpad/gcc-arm-none-eabi-4_9-2015q2/arm-none-eabi/lib/armv7-m/libc.a(lib_a-lseekr.o)
 .ARM.attributes
                0x00000a53       0x2d /opt/launchpad/gcc-arm-none-eabi-4_9-2015q2/arm-none-eabi/lib/armv7-m/libc.a(lib_a-memmove.o)
 .ARM.attributes
                0x00000a80       0x2d /opt/launchpad/gcc-arm-none-eabi-4_9-2015q2/arm-none-eabi/lib/armv7-m/libc.a(lib_a-readr.o)
 .ARM.attributes
                0x00000aad       0x2d /opt/launchpad/gcc-arm-none-eabi-4_9-2015q2/arm-none-eabi/lib/armv7-m/libc.a(lib_a-reallocr.o)
 .ARM.attributes
                0x00000ada       0x2d /opt/launchpad/gcc-arm-none-eabi-4_9-2015q2/arm-none-eabi/lib/armv7-m/libc.a(lib_a-wbuf.o)
 .ARM.attributes
                0x00000b07       0x2d /opt/launchpad/gcc-arm-none-eabi-4_9-2015q2/arm-none-eabi/lib/armv7-m/libc.a(lib_a-wcrtomb.o)
 .ARM.attributes
                0x00000b34       0x2d /opt/launchpad/gcc-arm-none-eabi-4_9-2015q2/arm-none-eabi/lib/armv7-m/libc.a(lib_a-wctomb_r.o)
 .ARM.attributes
                0x00000b61       0x1d /opt/launchpad/gcc-arm-none-eabi-4_9-2015q2/lib/gcc/arm-none-eabi/4.9.3/armv7-m/libgcc.a(_arm_addsubdf3.o)
 .ARM.attributes
                0x00000b7e       0x1d /opt/launchpad/gcc-arm-none-eabi-4_9-2015q2/lib/gcc/arm-none-eabi/4.9.3/armv7-m/libgcc.a(_arm_muldivdf3.o)
 .ARM.attributes
                0x00000b9b       0x1d /opt/launchpad/gcc-arm-none-eabi-4_9-2015q2/lib/gcc/arm-none-eabi/4.9.3/armv7-m/libgcc.a(_arm_cmpdf2.o)
 .ARM.attributes
                0x00000bb8       0x1d /opt/launchpad/gcc-arm-none-eabi-4_9-2015q2/lib/gcc/arm-none-eabi/4.9.3/armv7-m/libgcc.a(_arm_fixdfsi.o)
 .ARM.attributes
                0x00000bd5       0x1d /opt/launchpad/gcc-arm-none-eabi-4_9-2015q2/lib/gcc/arm-none-eabi/4.9.3/armv7-m/libgcc.a(_aeabi_uldivmod.o)
 .ARM.attributes
                0x00000bf2       0x2d /opt/launchpad/gcc-arm-none-eabi-4_9-2015q2/lib/gcc/arm-none-eabi/4.9.3/armv7-m/libgcc.a(bpabi.o)
 .ARM.attributes
                0x00000c1f       0x1d /opt/launchpad/gcc-arm-none-eabi-4_9-2015q2/lib/gcc/arm-none-eabi/4.9.3/armv7-m/libgcc.a(_dvmd_tls.o)
 .ARM.attributes
                0x00000c3c       0x2d /opt/launchpad/gcc-arm-none-eabi-4_9-2015q2/lib/gcc/arm-none-eabi/4.9.3/armv7-m/libgcc.a(_divdi3.o)
 .ARM.attributes
                0x00000c69       0x2d /opt/launchpad/gcc-arm-none-eabi-4_9-2015q2/lib/gcc/arm-none-eabi/4.9.3/armv7-m/libgcc.a(_udivdi3.o)

.debug_frame    0x00000000     0x165c
 .debug_frame   0x00000000       0x70 vector.o
 .debug_frame   0x00000070       0x80 tension.o
 .debug_frame   0x000000f0      0x134 newlib_support.o
 .debug_frame   0x00000224       0x74 PODpinconfig.o
 .debug_frame   0x00000298       0x40 clockspecifysetup.o
 .debug_frame   0x000002d8       0x20 DTW_counter.o
 .debug_frame   0x000002f8       0x28 startup_deh.o
 .debug_frame   0x00000320       0x4c ./libusartstm32/libusartstm32.a(USART1_rxinttxint.o)
 .debug_frame   0x0000036c       0x28 ./libusartstm32/libusartstm32.a(USART1_txint_putc.o)
 .debug_frame   0x00000394       0x28 ./libusartstm32/libusartstm32.a(USART1_txint_puts.o)
 .debug_frame   0x000003bc       0x28 ./libusartstm32/libusartstm32.a(USART1_txint_send.o)
 .debug_frame   0x000003e4       0x20 ./libusartstm32/libusartstm32.a(USART1_txint_busy.o)
 .debug_frame   0x00000404       0x30 ./libusartstm32/libusartstm32.a(usartx_tx_advlnptr.o)
 .debug_frame   0x00000434       0x84 ./libusartstm32/libusartstm32.a(usartx_rxint_init.o)
 .debug_frame   0x000004b8       0x48 ./libusartstm32/libusartstm32.a(usartx_txdma_init.o)
 .debug_frame   0x00000500       0x28 ./libusartstm32/libusartstm32.a(usartx_txint_send.o)
 .debug_frame   0x00000528       0x48 ./libusartstm32/libusartstm32.a(usartx_txint_init.o)
 .debug_frame   0x00000570       0x28 ./libusartstm32/libusartstm32.a(usartx_setbaud.o)
 .debug_frame   0x00000598       0x20 /opt/launchpad/gcc-arm-none-eabi-4_9-2015q2/arm-none-eabi/lib/armv7-m/libc.a(lib_a-calloc.o)
 .debug_frame   0x000005b8       0x28 /opt/launchpad/gcc-arm-none-eabi-4_9-2015q2/arm-none-eabi/lib/armv7-m/libc.a(lib_a-callocr.o)
 .debug_frame   0x000005e0       0x30 /opt/launchpad/gcc-arm-none-eabi-4_9-2015q2/arm-none-eabi/lib/armv7-m/libc.a(lib_a-malloc.o)
 .debug_frame   0x00000610       0x54 /opt/launchpad/gcc-arm-none-eabi-4_9-2015q2/arm-none-eabi/lib/armv7-m/libc.a(lib_a-mallocr.o)
 .debug_frame   0x00000664       0x34 /opt/launchpad/gcc-arm-none-eabi-4_9-2015q2/arm-none-eabi/lib/armv7-m/libc.a(lib_a-memset.o)
 .debug_frame   0x00000698       0x30 /opt/launchpad/gcc-arm-none-eabi-4_9-2015q2/arm-none-eabi/lib/armv7-m/libc.a(lib_a-mlock.o)
 .debug_frame   0x000006c8       0x78 /opt/launchpad/gcc-arm-none-eabi-4_9-2015q2/arm-none-eabi/lib/armv7-m/libc.a(lib_a-printf.o)
 .debug_frame   0x00000740       0x58 /opt/launchpad/gcc-arm-none-eabi-4_9-2015q2/arm-none-eabi/lib/armv7-m/libc.a(lib_a-reent.o)
 .debug_frame   0x00000798       0x2c /opt/launchpad/gcc-arm-none-eabi-4_9-2015q2/arm-none-eabi/lib/armv7-m/libc.a(lib_a-sbrkr.o)
 .debug_frame   0x000007c4       0x84 /opt/launchpad/gcc-arm-none-eabi-4_9-2015q2/arm-none-eabi/lib/armv7-m/libc.a(lib_a-sprintf.o)
 .debug_frame   0x00000848       0x40 /opt/launchpad/gcc-arm-none-eabi-4_9-2015q2/arm-none-eabi/lib/armv7-m/libc.a(lib_a-svfprintf.o)
 .debug_frame   0x00000888       0x90 /opt/launchpad/gcc-arm-none-eabi-4_9-2015q2/arm-none-eabi/lib/armv7-m/libc.a(lib_a-vfprintf.o)
 .debug_frame   0x00000918       0x2c /opt/launchpad/gcc-arm-none-eabi-4_9-2015q2/arm-none-eabi/lib/armv7-m/libc.a(lib_a-wsetup.o)
 .debug_frame   0x00000944       0x84 /opt/launchpad/gcc-arm-none-eabi-4_9-2015q2/arm-none-eabi/lib/armv7-m/libc.a(lib_a-dtoa.o)
 .debug_frame   0x000009c8       0x6c /opt/launchpad/gcc-arm-none-eabi-4_9-2015q2/arm-none-eabi/lib/armv7-m/libc.a(lib_a-fflush.o)
 .debug_frame   0x00000a34      0x124 /opt/launchpad/gcc-arm-none-eabi-4_9-2015q2/arm-none-eabi/lib/armv7-m/libc.a(lib_a-findfp.o)
 .debug_frame   0x00000b58       0x74 /opt/launchpad/gcc-arm-none-eabi-4_9-2015q2/arm-none-eabi/lib/armv7-m/libc.a(lib_a-freer.o)
 .debug_frame   0x00000bcc       0x54 /opt/launchpad/gcc-arm-none-eabi-4_9-2015q2/arm-none-eabi/lib/armv7-m/libc.a(lib_a-fwalk.o)
 .debug_frame   0x00000c20       0x9c /opt/launchpad/gcc-arm-none-eabi-4_9-2015q2/arm-none-eabi/lib/armv7-m/libc.a(lib_a-locale.o)
 .debug_frame   0x00000cbc       0x48 /opt/launchpad/gcc-arm-none-eabi-4_9-2015q2/arm-none-eabi/lib/armv7-m/libc.a(lib_a-makebuf.o)
 .debug_frame   0x00000d04       0x3c /opt/launchpad/gcc-arm-none-eabi-4_9-2015q2/arm-none-eabi/lib/armv7-m/libc.a(lib_a-memchr.o)
 .debug_frame   0x00000d40      0x268 /opt/launchpad/gcc-arm-none-eabi-4_9-2015q2/arm-none-eabi/lib/armv7-m/libc.a(lib_a-mprec.o)
 .debug_frame   0x00000fa8       0x34 /opt/launchpad/gcc-arm-none-eabi-4_9-2015q2/arm-none-eabi/lib/armv7-m/libc.a(lib_a-s_fpclassify.o)
 .debug_frame   0x00000fdc       0x88 /opt/launchpad/gcc-arm-none-eabi-4_9-2015q2/arm-none-eabi/lib/armv7-m/libc.a(lib_a-stdio.o)
 .debug_frame   0x00001064       0x20 /opt/launchpad/gcc-arm-none-eabi-4_9-2015q2/arm-none-eabi/lib/armv7-m/libc.a(lib_a-strlen.o)
 .debug_frame   0x00001084       0x78 /opt/launchpad/gcc-arm-none-eabi-4_9-2015q2/arm-none-eabi/lib/armv7-m/libc.a(lib_a-svfiprintf.o)
 .debug_frame   0x000010fc       0xd8 /opt/launchpad/gcc-arm-none-eabi-4_9-2015q2/arm-none-eabi/lib/armv7-m/libc.a(lib_a-vfiprintf.o)
 .debug_frame   0x000011d4       0x2c /opt/launchpad/gcc-arm-none-eabi-4_9-2015q2/arm-none-eabi/lib/armv7-m/libc.a(lib_a-writer.o)
 .debug_frame   0x00001200       0x2c /opt/launchpad/gcc-arm-none-eabi-4_9-2015q2/arm-none-eabi/lib/armv7-m/libc.a(lib_a-closer.o)
 .debug_frame   0x0000122c       0x44 /opt/launchpad/gcc-arm-none-eabi-4_9-2015q2/arm-none-eabi/lib/armv7-m/libc.a(lib_a-fclose.o)
 .debug_frame   0x00001270       0x84 /opt/launchpad/gcc-arm-none-eabi-4_9-2015q2/arm-none-eabi/lib/armv7-m/libc.a(lib_a-fputwc.o)
 .debug_frame   0x000012f4       0x2c /opt/launchpad/gcc-arm-none-eabi-4_9-2015q2/arm-none-eabi/lib/armv7-m/libc.a(lib_a-fstatr.o)
 .debug_frame   0x00001320       0x68 /opt/launchpad/gcc-arm-none-eabi-4_9-2015q2/arm-none-eabi/lib/armv7-m/libc.a(lib_a-fvwrite.o)
 .debug_frame   0x00001388       0x2c /opt/launchpad/gcc-arm-none-eabi-4_9-2015q2/arm-none-eabi/lib/armv7-m/libc.a(lib_a-isattyr.o)
 .debug_frame   0x000013b4       0x2c /opt/launchpad/gcc-arm-none-eabi-4_9-2015q2/arm-none-eabi/lib/armv7-m/libc.a(lib_a-lseekr.o)
 .debug_frame   0x000013e0       0x30 /opt/launchpad/gcc-arm-none-eabi-4_9-2015q2/arm-none-eabi/lib/armv7-m/libc.a(lib_a-memmove.o)